Component: ARM Compiler 5.06 update 6 (build 750) Tool: armlink [4d35ed]

==============================================================================

Section Cross References

    startup_stm32f103xb.o(RESET) refers to startup_stm32f103xb.o(STACK) for __initial_sp
    startup_stm32f103xb.o(RESET) refers to startup_stm32f103xb.o(.text) for Reset_Handler
    startup_stm32f103xb.o(RESET) refers to stm32f1xx_it.o(i.NMI_Handler) for NMI_Handler
    startup_stm32f103xb.o(RESET) refers to stm32f1xx_it.o(i.HardFault_Handler) for HardFault_Handler
    startup_stm32f103xb.o(RESET) refers to stm32f1xx_it.o(i.MemManage_Handler) for MemManage_Handler
    startup_stm32f103xb.o(RESET) refers to stm32f1xx_it.o(i.BusFault_Handler) for BusFault_Handler
    startup_stm32f103xb.o(RESET) refers to stm32f1xx_it.o(i.UsageFault_Handler) for UsageFault_Handler
    startup_stm32f103xb.o(RESET) refers to stm32f1xx_it.o(i.SVC_Handler) for SVC_Handler
    startup_stm32f103xb.o(RESET) refers to stm32f1xx_it.o(i.DebugMon_Handler) for DebugMon_Handler
    startup_stm32f103xb.o(RESET) refers to stm32f1xx_it.o(i.PendSV_Handler) for PendSV_Handler
    startup_stm32f103xb.o(RESET) refers to stm32f1xx_it.o(i.SysTick_Handler) for SysTick_Handler
    startup_stm32f103xb.o(RESET) refers to stm32f1xx_it.o(i.TIM2_IRQHandler) for TIM2_IRQHandler
    startup_stm32f103xb.o(RESET) refers to stm32f1xx_it.o(i.TIM3_IRQHandler) for TIM3_IRQHandler
    startup_stm32f103xb.o(RESET) refers to stm32f1xx_it.o(i.TIM4_IRQHandler) for TIM4_IRQHandler
    startup_stm32f103xb.o(RESET) refers to stm32f1xx_it.o(i.I2C2_EV_IRQHandler) for I2C2_EV_IRQHandler
    startup_stm32f103xb.o(RESET) refers to stm32f1xx_it.o(i.I2C2_ER_IRQHandler) for I2C2_ER_IRQHandler
    startup_stm32f103xb.o(RESET) refers to stm32f1xx_it.o(i.USART2_IRQHandler) for USART2_IRQHandler
    startup_stm32f103xb.o(.text) refers to system_stm32f1xx.o(i.SystemInit) for SystemInit
    startup_stm32f103xb.o(.text) refers to entry.o(.ARM.Collect$$$$00000000) for __main
    main.o(i.Error_Handler) refers to printf1.o(i.__0printf$1) for __2printf
    main.o(i.HAL_TIM_PeriodElapsedCallback) refers to timer.o(.bss) for htim4
    main.o(i.HAL_TIM_PeriodElapsedCallback) refers to main.o(.data) for .data
    main.o(i.SystemClock_Config) refers to memseta.o(.text) for __aeabi_memclr4
    main.o(i.SystemClock_Config) refers to stm32f1xx_hal_rcc.o(i.HAL_RCC_OscConfig) for HAL_RCC_OscConfig
    main.o(i.SystemClock_Config) refers to main.o(i.Error_Handler) for Error_Handler
    main.o(i.SystemClock_Config) refers to stm32f1xx_hal_rcc.o(i.HAL_RCC_ClockConfig) for HAL_RCC_ClockConfig
    main.o(i.SystemClock_Config) refers to stm32f1xx_hal_rcc_ex.o(i.HAL_RCCEx_PeriphCLKConfig) for HAL_RCCEx_PeriphCLKConfig
    main.o(i.fputc) refers to stm32f1xx_hal_uart.o(i.HAL_UART_Transmit) for HAL_UART_Transmit
    main.o(i.fputc) refers to usart.o(.bss) for huart2
    main.o(i.main) refers to stm32f1xx_hal.o(i.HAL_Init) for HAL_Init
    main.o(i.main) refers to main.o(i.SystemClock_Config) for SystemClock_Config
    main.o(i.main) refers to gpio.o(i.MX_GPIO_Init) for MX_GPIO_Init
    main.o(i.main) refers to timer.o(i.MX_TIM1_Init) for MX_TIM1_Init
    main.o(i.main) refers to timer.o(i.MX_TIM2_Init) for MX_TIM2_Init
    main.o(i.main) refers to timer.o(i.MX_TIM3_Init) for MX_TIM3_Init
    main.o(i.main) refers to timer.o(i.MX_TIM4_Init) for MX_TIM4_Init
    main.o(i.main) refers to usart.o(i.MX_USART2_Init) for MX_USART2_Init
    main.o(i.main) refers to stm32f1xx_hal_pcd.o(i.HAL_PCD_Init) for HAL_PCD_Init
    main.o(i.main) refers to main.o(i.Error_Handler) for Error_Handler
    main.o(i.main) refers to stm32f1xx_hal_uart.o(i.HAL_UART_Receive_IT) for HAL_UART_Receive_IT
    main.o(i.main) refers to stm32f1xx_hal_spi.o(i.HAL_SPI_Receive_DMA) for HAL_SPI_Receive_DMA
    main.o(i.main) refers to motor.o(i.setAngle) for setAngle
    main.o(i.main) refers to motor.o(i.Encoder2_Get_Counter) for Encoder2_Get_Counter
    main.o(i.main) refers to motor.o(i.Encoder1_Get_Counter) for Encoder1_Get_Counter
    main.o(i.main) refers to printf1.o(i.__0printf$1) for __2printf
    main.o(i.main) refers to motor.o(i.LeftMotor) for LeftMotor
    main.o(i.main) refers to motor.o(i.RightMotor) for RightMotor
    main.o(i.main) refers to main.o(i.pid_Left) for pid_Left
    main.o(i.main) refers to main.o(i.pid_Right) for pid_Right
    main.o(i.main) refers to cdrcmple.o(.text) for __aeabi_cdrcmple
    main.o(i.main) refers to cdcmple.o(.text) for __aeabi_cdcmple
    main.o(i.main) refers to motor.o(i.Set_Encoder) for Set_Encoder
    main.o(i.main) refers to dfixi.o(.text) for __aeabi_d2iz
    main.o(i.main) refers to stm32f1xx_hal_gpio.o(i.HAL_GPIO_ReadPin) for HAL_GPIO_ReadPin
    main.o(i.main) refers to main.o(.bss) for .bss
    main.o(i.main) refers to main.o(.data) for .data
    main.o(i.main) refers to usart.o(.bss) for huart2
    main.o(i.main) refers to spi.o(.bss) for hspi1
[...]
    ../clib/microlib/printf/printf.c         0x00000000   Number         0  printf0.o ABSOLUTE
    ../clib/microlib/printf/printf.c         0x00000000   Number         0  printfb.o ABSOLUTE
    ../clib/microlib/printf/printf.c         0x00000000   Number         0  printf8.o ABSOLUTE
    ../clib/microlib/printf/stubs.s          0x00000000   Number         0  stubs.o ABSOLUTE
    ../clib/microlib/stdio/streams.c         0x00000000   Number         0  stdout.o ABSOLUTE
    ../clib/microlib/string/memcpy.c         0x00000000   Number         0  memcpyb.o ABSOLUTE
    ../clib/microlib/string/memcpy.c         0x00000000   Number         0  memcpya.o ABSOLUTE
    ../clib/microlib/string/memset.c         0x00000000   Number         0  memseta.o ABSOLUTE
    ../clib/microlib/stubs.s                 0x00000000   Number         0  iusefp.o ABSOLUTE
    ../fplib/microlib/d2f.c                  0x00000000   Number         0  d2f.o ABSOLUTE
    ../fplib/microlib/f2d.c                  0x00000000   Number         0  f2d.o ABSOLUTE
    ../fplib/microlib/fpadd.c                0x00000000   Number         0  dadd.o ABSOLUTE
    ../fplib/microlib/fpdiv.c                0x00000000   Number         0  ddiv.o ABSOLUTE
    ../fplib/microlib/fpepilogue.c           0x00000000   Number         0  depilogue.o ABSOLUTE
    ../fplib/microlib/fpepilogue.c           0x00000000   Number         0  fepilogue.o ABSOLUTE
    ../fplib/microlib/fpfix.c                0x00000000   Number         0  ffixi.o ABSOLUTE
    ../fplib/microlib/fpfix.c                0x00000000   Number         0  dfixul.o ABSOLUTE
    ../fplib/microlib/fpfix.c                0x00000000   Number         0  dfixi.o ABSOLUTE
    ../fplib/microlib/fpflt.c                0x00000000   Number         0  fflti.o ABSOLUTE
    ../fplib/microlib/fpflt.c                0x00000000   Number         0  dfltui.o ABSOLUTE
    ../fplib/microlib/fpflt.c                0x00000000   Number         0  dflti.o ABSOLUTE
    ../fplib/microlib/fpflt.c                0x00000000   Number         0  ffltui.o ABSOLUTE
    ../fplib/microlib/fpmul.c                0x00000000   Number         0  dmul.o ABSOLUTE
    ../fplib/microlib/fpmul.c                0x00000000   Number         0  fmul.o ABSOLUTE
    ../fplib/microlib/fpscalb.c              0x00000000   Number         0  dscalb.o ABSOLUTE
    ../mathlib/dunder.c                      0x00000000   Number         0  dunder.o ABSOLUTE
    ../mathlib/fpclassify.c                  0x00000000   Number         0  fpclassify.o ABSOLUTE
    ../mathlib/poly.c                        0x00000000   Number         0  poly.o ABSOLUTE
    ../mathlib/rred.c                        0x00000000   Number         0  rred.o ABSOLUTE
    ../mathlib/tan.c                         0x00000000   Number         0  tan_x.o ABSOLUTE
    ../mathlib/tan.c                         0x00000000   Number         0  tan.o ABSOLUTE
    ../mathlib/tan_i.c                       0x00000000   Number         0  tan_i.o ABSOLUTE
    ../mathlib/tan_i.c                       0x00000000   Number         0  tan_i_x.o ABSOLUTE
    ..\Core\Src\GPIO.c                       0x00000000   Number         0  gpio.o ABSOLUTE
    ..\Core\Src\I2C.c                        0x00000000   Number         0  i2c.o ABSOLUTE
    ..\Core\Src\MOTOR.c                      0x00000000   Number         0  motor.o ABSOLUTE
    ..\Core\Src\SPI.c                        0x00000000   Number         0  spi.o ABSOLUTE
    ..\Core\Src\TIMER.c                      0x00000000   Number         0  timer.o ABSOLUTE
    ..\Core\Src\USART.c                      0x00000000   Number         0  usart.o ABSOLUTE
    ..\Core\Src\main.c                       0x00000000   Number         0  main.o ABSOLUTE
    ..\Core\Src\stm32f1xx_hal_msp.c          0x00000000   Number         0  stm32f1xx_hal_msp.o ABSOLUTE
    ..\Core\Src\stm32f1xx_it.c               0x00000000   Number         0  stm32f1xx_it.o ABSOLUTE
    ..\Core\Src\system_stm32f1xx.c           0x00000000   Number         0  system_stm32f1xx.o ABSOLUTE
    ..\Drivers\STM32F1xx_HAL_Driver\Src\stm32f1xx_hal.c 0x00000000   Number         0  stm32f1xx_hal.o ABSOLUTE
    ..\Drivers\STM32F1xx_HAL_Driver\Src\stm32f1xx_hal_cortex.c 0x00000000   Number         0  stm32f1xx_hal_cortex.o ABSOLUTE
    ..\Drivers\STM32F1xx_HAL_Driver\Src\stm32f1xx_hal_dma.c 0x00000000   Number         0  stm32f1xx_hal_dma.o ABSOLUTE
    ..\Drivers\STM32F1xx_HAL_Driver\Src\stm32f1xx_hal_exti.c 0x00000000   Number         0  stm32f1xx_hal_exti.o ABSOLUTE
    ..\Drivers\STM32F1xx_HAL_Driver\Src\stm32f1xx_hal_flash.c 0x00000000   Number         0  stm32f1xx_hal_flash.o ABSOLUTE
    ..\Drivers\STM32F1xx_HAL_Driver\Src\stm32f1xx_hal_flash_ex.c 0x00000000   Number         0  stm32f1xx_hal_flash_ex.o ABSOLUTE
    ..\Drivers\STM32F1xx_HAL_Driver\Src\stm32f1xx_hal_gpio.c 0x00000000   Number         0  stm32f1xx_hal_gpio.o ABSOLUTE
    ..\Drivers\STM32F1xx_HAL_Driver\Src\stm32f1xx_hal_gpio_ex.c 0x00000000   Number         0  stm32f1xx_hal_gpio_ex.o ABSOLUTE
    ..\Drivers\STM32F1xx_HAL_Driver\Src\stm32f1xx_hal_i2c.c 0x00000000   Number         0  stm32f1xx_hal_i2c.o ABSOLUTE
    ..\Drivers\STM32F1xx_HAL_Driver\Src\stm32f1xx_hal_pcd.c 0x00000000   Number         0  stm32f1xx_hal_pcd.o ABSOLUTE
    ..\Drivers\STM32F1xx_HAL_Driver\Src\stm32f1xx_hal_pcd_ex.c 0x00000000   Number         0  stm32f1xx_hal_pcd_ex.o ABSOLUTE
    ..\Drivers\STM32F1xx_HAL_Driver\Src\stm32f1xx_hal_pwr.c 0x00000000   Number         0  stm32f1xx_hal_pwr.o ABSOLUTE
    ..\Drivers\STM32F1xx_HAL_Driver\Src\stm32f1xx_hal_rcc.c 0x00000000   Number         0  stm32f1xx_hal_rcc.o ABSOLUTE
    ..\Drivers\STM32F1xx_HAL_Driver\Src\stm32f1xx_hal_rcc_ex.c 0x00000000   Number         0  stm32f1xx_hal_rcc_ex.o ABSOLUTE
    ..\Drivers\STM32F1xx_HAL_Driver\Src\stm32f1xx_hal_spi.c 0x00000000   Number         0  stm32f1xx_hal_spi.o ABSOLUTE
    ..\Drivers\STM32F1xx_HAL_Driver\Src\stm32f1xx_hal_tim.c 0x00000000   Number         0  stm32f1xx_hal_tim.o ABSOLUTE
    ..\Drivers\STM32F1xx_HAL_Driver\Src\stm32f1xx_hal_tim_ex.c 0x00000000   Number         0  stm32f1xx_hal_tim_ex.o ABSOLUTE
    ..\Drivers\STM32F1xx_HAL_Driver\Src\stm32f1xx_hal_uart.c 0x00000000   Number         0  stm32f1xx_hal_uart.o ABSOLUTE
    ..\Drivers\STM32F1xx_HAL_Driver\Src\stm32f1xx_ll_usb.c 0x00000000   Number         0  stm32f1xx_ll_usb.o ABSOLUTE
    ..\\Core\\Src\\GPIO.c                    0x00000000   Number         0  gpio.o ABSOLUTE
    ..\\Core\\Src\\I2C.c                     0x00000000   Number         0  i2c.o ABSOLUTE
    ..\\Core\\Src\\MOTOR.c                   0x00000000   Number         0  motor.o ABSOLUTE
    ..\\Core\\Src\\SPI.c                     0x00000000   Number         0  spi.o ABSOLUTE
    ..\\Core\\Src\\TIMER.c                   0x00000000   Number         0  timer.o ABSOLUTE
    ..\\Core\\Src\\USART.c                   0x00000000   Number         0  usart.o ABSOLUTE
    cdcmple.s                                0x00000000   Number         0  cdcmple.o ABSOLUTE
    cdrcmple.s                               0x00000000   Number         0  cdrcmple.o ABSOLUTE
    cfrcmple.s                               0x00000000   Number         0  cfrcmple.o ABSOLUTE
    dc.s                                     0x00000000   Number         0  dc.o ABSOLUTE
    handlers.s                               0x00000000   Number         0  handlers.o ABSOLUTE
    init.s                                   0x00000000   Number         0  init.o ABSOLUTE
    startup_stm32f103xb.s                    0x00000000   Number         0  startup_stm32f103xb.o ABSOLUTE
    RESET                                    0x08000000   Section      236  startup_stm32f103xb.o(RESET)
    .ARM.Collect$$$$00000000                 0x080000ec   Section        0  entry.o(.ARM.Collect$$$$00000000)
    .ARM.Collect$$$$00000001                 0x080000ec   Section        4  entry2.o(.ARM.Collect$$$$00000001)
    .ARM.Collect$$$$00000004                 0x080000f0   Section        4  entry5.o(.ARM.Collect$$$$00000004)
    .ARM.Collect$$$$00000008                 0x080000f4   Section        0  entry7b.o(.ARM.Collect$$$$00000008)
    .ARM.Collect$$$$0000000A                 0x080000f4   Section        0  entry8b.o(.ARM.Collect$$$$0000000A)
    .ARM.Collect$$$$0000000B                 0x080000f4   Section        8  entry9a.o(.ARM.Collect$$$$0000000B)
    .ARM.Collect$$$$0000000D                 0x080000fc   Section        0  entry10a.o(.ARM.Collect$$$$0000000D)
    .ARM.Collect$$$$0000000F                 0x080000fc   Section        0  entry11a.o(.ARM.Collect$$$$0000000F)
    .ARM.Collect$$$$00002712                 0x080000fc   Section        4  entry2.o(.ARM.Collect$$$$00002712)
    __lit__00000000                          0x080000fc   Data           4  entry2.o(.ARM.Collect$$$$00002712)
    .text                                    0x08000100   Section       36  startup_stm32f103xb.o(.text)
    .text                                    0x08000124   Section        0  llushr.o(.text)
    .text                                    0x08000144   Section        0  memcpya.o(.text)
    .text                                    0x08000168   Section        0  memseta.o(.text)
    .text                                    0x0800018c   Section        0  fmul.o(.text)
    .text                                    0x080001f0   Section        0  dadd.o(.text)
    .text                                    0x0800033e   Section        0  dmul.o(.text)
    .text                                    0x08000422   Section        0  ddiv.o(.text)
    .text                                    0x08000500   Section        0  dflti.o(.text)
    .text                                    0x08000522   Section        0  dfixi.o(.text)
    .text                                    0x08000560   Section        0  f2d.o(.text)
    .text                                    0x08000588   Section       48  cdcmple.o(.text)
    .text                                    0x080005b8   Section       48  cdrcmple.o(.text)
    .text                                    0x080005e8   Section        0  d2f.o(.text)
    .text                                    0x08000620   Section        0  uidiv.o(.text)
    .text                                    0x0800064c   Section        0  llshl.o(.text)
    .text                                    0x0800066a   Section        0  llsshr.o(.text)
    .text                                    0x0800068e   Section        0  iusefp.o(.text)
    .text                                    0x0800068e   Section        0  fepilogue.o(.text)
    .text                                    0x080006fc   Section        0  depilogue.o(.text)
    .text                                    0x080007b8   Section       36  init.o(.text)
    i.BusFault_Handler                       0x080007dc   Section        0  stm32f1xx_it.o(i.BusFault_Handler)
    i.DMA_SetConfig                          0x080007de   Section        0  stm32f1xx_hal_dma.o(i.DMA_SetConfig)
    DMA_SetConfig                            0x080007df   Thumb Code    42  stm32f1xx_hal_dma.o(i.DMA_SetConfig)
    i.DebugMon_Handler                       0x08000808   Section        0  stm32f1xx_it.o(i.DebugMon_Handler)
    i.Encoder1_Get_Counter                   0x0800080a   Section        0  motor.o(i.Encoder1_Get_Counter)
    i.Encoder2_Get_Counter                   0x08000814   Section        0  motor.o(i.Encoder2_Get_Counter)
    i.Error_Handler                          0x08000820   Section        0  main.o(i.Error_Handler)
    i.HAL_DMA_Abort_IT                       0x08000834   Section        0  stm32f1xx_hal_dma.o(i.HAL_DMA_Abort_IT)
    i.HAL_DMA_GetState                       0x080008cc   Section        0  stm32f1xx_hal_dma.o(i.HAL_DMA_GetState)
    i.HAL_DMA_Start_IT                       0x080008d2   Section        0  stm32f1xx_hal_dma.o(i.HAL_DMA_Start_IT)
    i.HAL_GPIO_Init                          0x08000944   Section        0  stm32f1xx_hal_gpio.o(i.HAL_GPIO_Init)
    i.HAL_GPIO_ReadPin                       0x08000b24   Section        0  stm32f1xx_hal_gpio.o(i.HAL_GPIO_ReadPin)
    i.HAL_GPIO_WritePin                      0x08000b2e   Section        0  stm32f1xx_hal_gpio.o(i.HAL_GPIO_WritePin)
    i.HAL_GetTick                            0x08000b38   Section        0  stm32f1xx_hal.o(i.HAL_GetTick)
    i.HAL_I2C_AbortCpltCallback              0x08000b44   Section        0  stm32f1xx_hal_i2c.o(i.HAL_I2C_AbortCpltCallback)
    i.HAL_I2C_AddrCallback                   0x08000b46   Section        0  stm32f1xx_hal_i2c.o(i.HAL_I2C_AddrCallback)
    i.HAL_I2C_ER_IRQHandler                  0x08000b48   Section        0  stm32f1xx_hal_i2c.o(i.HAL_I2C_ER_IRQHandler)
    i.HAL_I2C_EV_IRQHandler                  0x08000c0c   Section        0  stm32f1xx_hal_i2c.o(i.HAL_I2C_EV_IRQHandler)
    i.HAL_I2C_ErrorCallback                  0x08000e72   Section        0  stm32f1xx_hal_i2c.o(i.HAL_I2C_ErrorCallback)
    i.HAL_I2C_ListenCpltCallback             0x08000e74   Section        0  stm32f1xx_hal_i2c.o(i.HAL_I2C_ListenCpltCallback)
    i.HAL_I2C_MasterRxCpltCallback           0x08000e76   Section        0  stm32f1xx_hal_i2c.o(i.HAL_I2C_MasterRxCpltCallback)
    i.HAL_I2C_MasterTxCpltCallback           0x08000e78   Section        0  stm32f1xx_hal_i2c.o(i.HAL_I2C_MasterTxCpltCallback)
    i.HAL_I2C_MemRxCpltCallback              0x08000e7a   Section        0  stm32f1xx_hal_i2c.o(i.HAL_I2C_MemRxCpltCallback)
    i.HAL_I2C_MemTxCpltCallback              0x08000e7c   Section        0  stm32f1xx_hal_i2c.o(i.HAL_I2C_MemTxCpltCallback)
    i.HAL_I2C_SlaveRxCpltCallback            0x08000e7e   Section        0  stm32f1xx_hal_i2c.o(i.HAL_I2C_SlaveRxCpltCallback)
    i.HAL_I2C_SlaveTxCpltCallback            0x08000e80   Section        0  stm32f1xx_hal_i2c.o(i.HAL_I2C_SlaveTxCpltCallback)
    i.HAL_IncTick                            0x08000e84   Section        0  stm32f1xx_hal.o(i.HAL_IncTick)
    i.HAL_Init                               0x08000e94   Section        0  stm32f1xx_hal.o(i.HAL_Init)
    i.HAL_InitTick                           0x08000eb8   Section        0  stm32f1xx_hal.o(i.HAL_InitTick)
    i.HAL_MspInit                            0x08000ef8   Section        0  stm32f1xx_hal_msp.o(i.HAL_MspInit)
    i.HAL_NVIC_EnableIRQ                     0x08000f34   Section        0  stm32f1xx_hal_cortex.o(i.HAL_NVIC_EnableIRQ)
    i.HAL_NVIC_SetPriority                   0x08000f50   Section        0  stm32f1xx_hal_cortex.o(i.HAL_NVIC_SetPriority)
    i.HAL_NVIC_SetPriorityGrouping           0x08000f90   Section        0  stm32f1xx_hal_cortex.o(i.HAL_NVIC_SetPriorityGrouping)
    i.HAL_PCD_Init                           0x08000fb4   Section        0  stm32f1xx_hal_pcd.o(i.HAL_PCD_Init)
    i.HAL_PCD_MspInit                        0x08001090   Section        0  stm32f1xx_hal_msp.o(i.HAL_PCD_MspInit)
    i.HAL_RCCEx_PeriphCLKConfig              0x080010b8   Section        0  stm32f1xx_hal_rcc_ex.o(i.HAL_RCCEx_PeriphCLKConfig)
    i.HAL_RCC_ClockConfig                    0x080011a4   Section        0  stm32f1xx_hal_rcc.o(i.HAL_RCC_ClockConfig)
    i.HAL_RCC_GetPCLK1Freq                   0x080012d0   Section        0  stm32f1xx_hal_rcc.o(i.HAL_RCC_GetPCLK1Freq)
    i.HAL_RCC_GetPCLK2Freq                   0x080012f0   Section        0  stm32f1xx_hal_rcc.o(i.HAL_RCC_GetPCLK2Freq)
    i.HAL_RCC_GetSysClockFreq                0x08001310   Section        0  stm32f1xx_hal_rcc.o(i.HAL_RCC_GetSysClockFreq)
    i.HAL_RCC_OscConfig                      0x0800137c   Section        0  stm32f1xx_hal_rcc.o(i.HAL_RCC_OscConfig)
    i.HAL_SPI_ErrorCallback                  0x0800169c   Section        0  stm32f1xx_hal_spi.o(i.HAL_SPI_ErrorCallback)
    i.HAL_SPI_Receive_DMA                    0x080016a0   Section        0  stm32f1xx_hal_spi.o(i.HAL_SPI_Receive_DMA)
    i.HAL_SPI_RxCpltCallback                 0x08001794   Section        0  main.o(i.HAL_SPI_RxCpltCallback)
    i.HAL_SPI_RxHalfCpltCallback             0x08001796   Section        0  stm32f1xx_hal_spi.o(i.HAL_SPI_RxHalfCpltCallback)
    i.HAL_SPI_TransmitReceive_DMA            0x08001798   Section        0  stm32f1xx_hal_spi.o(i.HAL_SPI_TransmitReceive_DMA)
    i.HAL_SPI_TxRxCpltCallback               0x080018bc   Section        0  stm32f1xx_hal_spi.o(i.HAL_SPI_TxRxCpltCallback)
    i.HAL_SPI_TxRxHalfCpltCallback           0x080018be   Section        0  stm32f1xx_hal_spi.o(i.HAL_SPI_TxRxHalfCpltCallback)
    i.HAL_SYSTICK_Config                     0x080018c0   Section        0  stm32f1xx_hal_cortex.o(i.HAL_SYSTICK_Config)
    i.HAL_TIMEx_BreakCallback                0x080018e8   Section        0  stm32f1xx_hal_tim_ex.o(i.HAL_TIMEx_BreakCallback)
    i.HAL_TIMEx_CommutCallback               0x080018ea   Section        0  stm32f1xx_hal_tim_ex.o(i.HAL_TIMEx_CommutCallback)
    i.HAL_TIMEx_ConfigBreakDeadTime          0x080018ec   Section        0  stm32f1xx_hal_tim_ex.o(i.HAL_TIMEx_ConfigBreakDeadTime)
    i.HAL_TIMEx_MasterConfigSynchronization  0x08001940   Section        0  stm32f1xx_hal_tim_ex.o(i.HAL_TIMEx_MasterConfigSynchronization)
    i.HAL_TIM_Base_Init                      0x080019a8   Section        0  stm32f1xx_hal_tim.o(i.HAL_TIM_Base_Init)
    i.HAL_TIM_Base_MspInit                   0x08001a04   Section        0  stm32f1xx_hal_msp.o(i.HAL_TIM_Base_MspInit)
    i.HAL_TIM_Base_Start_IT                  0x08001a58   Section        0  stm32f1xx_hal_tim.o(i.HAL_TIM_Base_Start_IT)
    i.HAL_TIM_ConfigClockSource              0x08001ab0   Section        0  stm32f1xx_hal_tim.o(i.HAL_TIM_ConfigClockSource)
    i.HAL_TIM_Encoder_Init                   0x08001b86   Section        0  stm32f1xx_hal_tim.o(i.HAL_TIM_Encoder_Init)
    i.HAL_TIM_Encoder_MspInit                0x08001c2c   Section        0  stm32f1xx_hal_msp.o(i.HAL_TIM_Encoder_MspInit)
    i.HAL_TIM_Encoder_Start                  0x08001d20   Section        0  stm32f1xx_hal_tim.o(i.HAL_TIM_Encoder_Start)
    i.HAL_TIM_IC_CaptureCallback             0x08001dae   Section        0  stm32f1xx_hal_tim.o(i.HAL_TIM_IC_CaptureCallback)
    i.HAL_TIM_IRQHandler                     0x08001db0   Section        0  stm32f1xx_hal_tim.o(i.HAL_TIM_IRQHandler)
    i.HAL_TIM_MspPostInit                    0x08001f18   Section        0  stm32f1xx_hal_msp.o(i.HAL_TIM_MspPostInit)
    i.HAL_TIM_OC_DelayElapsedCallback        0x08001f64   Section        0  stm32f1xx_hal_tim.o(i.HAL_TIM_OC_DelayElapsedCallback)
    i.HAL_TIM_PWM_ConfigChannel              0x08001f66   Section        0  stm32f1xx_hal_tim.o(i.HAL_TIM_PWM_ConfigChannel)
    i.HAL_TIM_PWM_Init                       0x0800202c   Section        0  stm32f1xx_hal_tim.o(i.HAL_TIM_PWM_Init)
    i.HAL_TIM_PWM_MspInit                    0x08002086   Section        0  stm32f1xx_hal_tim.o(i.HAL_TIM_PWM_MspInit)
    i.HAL_TIM_PWM_PulseFinishedCallback      0x08002088   Section        0  motor.o(i.HAL_TIM_PWM_PulseFinishedCallback)
    i.HAL_TIM_PWM_Start                      0x080020a4   Section        0  stm32f1xx_hal_tim.o(i.HAL_TIM_PWM_Start)
    i.HAL_TIM_PWM_Start_IT                   0x08002140   Section        0  stm32f1xx_hal_tim.o(i.HAL_TIM_PWM_Start_IT)
    i.HAL_TIM_PeriodElapsedCallback          0x08002204   Section        0  main.o(i.HAL_TIM_PeriodElapsedCallback)
    i.HAL_TIM_TriggerCallback                0x0800222c   Section        0  stm32f1xx_hal_tim.o(i.HAL_TIM_TriggerCallback)
    i.HAL_UART_ErrorCallback                 0x0800222e   Section        0  stm32f1xx_hal_uart.o(i.HAL_UART_ErrorCallback)
    i.HAL_UART_IRQHandler                    0x08002230   Section        0  stm32f1xx_hal_uart.o(i.HAL_UART_IRQHandler)
    i.HAL_UART_Init                          0x0800238c   Section        0  stm32f1xx_hal_uart.o(i.HAL_UART_Init)
    i.HAL_UART_MspInit                       0x080023f0   Section        0  stm32f1xx_hal_msp.o(i.HAL_UART_MspInit)
    i.HAL_UART_Receive_IT                    0x08002470   Section        0  stm32f1xx_hal_uart.o(i.HAL_UART_Receive_IT)
    i.HAL_UART_RxCpltCallback                0x080024c2   Section        0  main.o(i.HAL_UART_RxCpltCallback)
    i.HAL_UART_Transmit                      0x080024c4   Section        0  stm32f1xx_hal_uart.o(i.HAL_UART_Transmit)
    i.HAL_UART_TxCpltCallback                0x08002576   Section        0  stm32f1xx_hal_uart.o(i.HAL_UART_TxCpltCallback)
    i.HardFault_Handler                      0x08002578   Section        0  stm32f1xx_it.o(i.HardFault_Handler)
    i.I2C2_ER_IRQHandler                     0x0800257c   Section        0  stm32f1xx_it.o(i.I2C2_ER_IRQHandler)
    i.I2C2_EV_IRQHandler                     0x08002588   Section        0  stm32f1xx_it.o(i.I2C2_EV_IRQHandler)
    i.I2C_DMAAbort                           0x08002594   Section        0  stm32f1xx_hal_i2c.o(i.I2C_DMAAbort)
    I2C_DMAAbort                             0x08002595   Thumb Code   182  stm32f1xx_hal_i2c.o(i.I2C_DMAAbort)
    i.I2C_ITError                            0x08002650   Section        0  stm32f1xx_hal_i2c.o(i.I2C_ITError)
    I2C_ITError                              0x08002651   Thumb Code   336  stm32f1xx_hal_i2c.o(i.I2C_ITError)
    i.I2C_MasterReceive_BTF                  0x080027a8   Section        0  stm32f1xx_hal_i2c.o(i.I2C_MasterReceive_BTF)
    I2C_MasterReceive_BTF                    0x080027a9   Thumb Code   210  stm32f1xx_hal_i2c.o(i.I2C_MasterReceive_BTF)
    i.I2C_MasterReceive_RXNE                 0x0800287c   Section        0  stm32f1xx_hal_i2c.o(i.I2C_MasterReceive_RXNE)
    I2C_MasterReceive_RXNE                   0x0800287d   Thumb Code   228  stm32f1xx_hal_i2c.o(i.I2C_MasterReceive_RXNE)
    i.I2C_MasterTransmit_BTF                 0x08002964   Section        0  stm32f1xx_hal_i2c.o(i.I2C_MasterTransmit_BTF)
    I2C_MasterTransmit_BTF                   0x08002965   Thumb Code   116  stm32f1xx_hal_i2c.o(i.I2C_MasterTransmit_BTF)
    i.I2C_MasterTransmit_TXE                 0x080029d8   Section        0  stm32f1xx_hal_i2c.o(i.I2C_MasterTransmit_TXE)
    I2C_MasterTransmit_TXE                   0x080029d9   Thumb Code   182  stm32f1xx_hal_i2c.o(i.I2C_MasterTransmit_TXE)
    i.I2C_Master_ADDR                        0x08002a90   Section        0  stm32f1xx_hal_i2c.o(i.I2C_Master_ADDR)
    I2C_Master_ADDR                          0x08002a91   Thumb Code   340  stm32f1xx_hal_i2c.o(i.I2C_Master_ADDR)
    i.I2C_Master_SB                          0x08002be8   Section        0  stm32f1xx_hal_i2c.o(i.I2C_Master_SB)
    I2C_Master_SB                            0x08002be9   Thumb Code   140  stm32f1xx_hal_i2c.o(i.I2C_Master_SB)
    i.I2C_MemoryTransmit_TXE_BTF             0x08002c74   Section        0  stm32f1xx_hal_i2c.o(i.I2C_MemoryTransmit_TXE_BTF)
    I2C_MemoryTransmit_TXE_BTF               0x08002c75   Thumb Code   160  stm32f1xx_hal_i2c.o(i.I2C_MemoryTransmit_TXE_BTF)
    i.I2C_Slave_AF                           0x08002d14   Section        0  stm32f1xx_hal_i2c.o(i.I2C_Slave_AF)
    I2C_Slave_AF                             0x08002d15   Thumb Code   126  stm32f1xx_hal_i2c.o(i.I2C_Slave_AF)
    i.I2C_Slave_STOPF                        0x08002d98   Section        0  stm32f1xx_hal_i2c.o(i.I2C_Slave_STOPF)
    I2C_Slave_STOPF                          0x08002d99   Thumb Code   338  stm32f1xx_hal_i2c.o(i.I2C_Slave_STOPF)
    i.LeftMotor                              0x08002ef4   Section        0  motor.o(i.LeftMotor)
    i.MX_GPIO_Init                           0x08002f14   Section        0  gpio.o(i.MX_GPIO_Init)
    i.MX_TIM1_Init                           0x08002fd0   Section        0  timer.o(i.MX_TIM1_Init)
    i.MX_TIM2_Init                           0x080030b8   Section        0  timer.o(i.MX_TIM2_Init)
    i.MX_TIM3_Init                           0x0800312c   Section        0  timer.o(i.MX_TIM3_Init)
    i.MX_TIM4_Init                           0x080031a0   Section        0  timer.o(i.MX_TIM4_Init)
    i.MX_USART2_Init                         0x08003244   Section        0  usart.o(i.MX_USART2_Init)
    i.MemManage_Handler                      0x0800327c   Section        0  stm32f1xx_it.o(i.MemManage_Handler)
    i.NMI_Handler                            0x0800327e   Section        0  stm32f1xx_it.o(i.NMI_Handler)
    i.PendSV_Handler                         0x08003280   Section        0  stm32f1xx_it.o(i.PendSV_Handler)
    i.RightMotor                             0x08003284   Section        0  motor.o(i.RightMotor)
    i.SPI_DMAError                           0x080032a4   Section        0  stm32f1xx_hal_spi.o(i.SPI_DMAError)
    SPI_DMAError                             0x080032a5   Thumb Code    34  stm32f1xx_hal_spi.o(i.SPI_DMAError)
    i.SPI_DMAHalfReceiveCplt                 0x080032c6   Section        0  stm32f1xx_hal_spi.o(i.SPI_DMAHalfReceiveCplt)
    SPI_DMAHalfReceiveCplt                   0x080032c7   Thumb Code    10  stm32f1xx_hal_spi.o(i.SPI_DMAHalfReceiveCplt)
    i.SPI_DMAHalfTransmitReceiveCplt         0x080032d0   Section        0  stm32f1xx_hal_spi.o(i.SPI_DMAHalfTransmitReceiveCplt)
    SPI_DMAHalfTransmitReceiveCplt           0x080032d1   Thumb Code    10  stm32f1xx_hal_spi.o(i.SPI_DMAHalfTransmitReceiveCplt)
    i.SPI_DMAReceiveCplt                     0x080032da   Section        0  stm32f1xx_hal_spi.o(i.SPI_DMAReceiveCplt)
    SPI_DMAReceiveCplt                       0x080032db   Thumb Code   106  stm32f1xx_hal_spi.o(i.SPI_DMAReceiveCplt)
    i.SPI_DMATransmitReceiveCplt             0x08003344   Section        0  stm32f1xx_hal_spi.o(i.SPI_DMATransmitReceiveCplt)
    SPI_DMATransmitReceiveCplt               0x08003345   Thumb Code    90  stm32f1xx_hal_spi.o(i.SPI_DMATransmitReceiveCplt)
    i.SPI_EndRxTransaction                   0x0800339e   Section        0  stm32f1xx_hal_spi.o(i.SPI_EndRxTransaction)
    SPI_EndRxTransaction                     0x0800339f   Thumb Code    92  stm32f1xx_hal_spi.o(i.SPI_EndRxTransaction)
    i.SPI_EndRxTxTransaction                 0x080033fa   Section        0  stm32f1xx_hal_spi.o(i.SPI_EndRxTxTransaction)
    SPI_EndRxTxTransaction                   0x080033fb   Thumb Code    32  stm32f1xx_hal_spi.o(i.SPI_EndRxTxTransaction)
    i.SPI_WaitFlagStateUntilTimeout          0x0800341c   Section        0  stm32f1xx_hal_spi.o(i.SPI_WaitFlagStateUntilTimeout)
    SPI_WaitFlagStateUntilTimeout            0x0800341d   Thumb Code   180  stm32f1xx_hal_spi.o(i.SPI_WaitFlagStateUntilTimeout)
    i.SVC_Handler                            0x080034d4   Section        0  stm32f1xx_it.o(i.SVC_Handler)
    i.Set_Encoder                            0x080034d8   Section        0  motor.o(i.Set_Encoder)
    i.SysTick_Handler                        0x080034ec   Section        0  stm32f1xx_it.o(i.SysTick_Handler)
    i.SystemClock_Config                     0x080034f0   Section        0  main.o(i.SystemClock_Config)
    i.SystemInit                             0x08003566   Section        0  system_stm32f1xx.o(i.SystemInit)
    i.TIM2_IRQHandler                        0x08003568   Section        0  stm32f1xx_it.o(i.TIM2_IRQHandler)
    i.TIM3_IRQHandler                        0x08003574   Section        0  stm32f1xx_it.o(i.TIM3_IRQHandler)
    i.TIM4_IRQHandler                        0x08003580   Section        0  stm32f1xx_it.o(i.TIM4_IRQHandler)
    i.TIM_Base_SetConfig                     0x0800358c   Section        0  stm32f1xx_hal_tim.o(i.TIM_Base_SetConfig)
    i.TIM_CCxChannelCmd                      0x080035f8   Section        0  stm32f1xx_hal_tim.o(i.TIM_CCxChannelCmd)
    i.TIM_ETR_SetConfig                      0x08003612   Section        0  stm32f1xx_hal_tim.o(i.TIM_ETR_SetConfig)
    i.TIM_ITRx_SetConfig                     0x08003626   Section        0  stm32f1xx_hal_tim.o(i.TIM_ITRx_SetConfig)
    TIM_ITRx_SetConfig                       0x08003627   Thumb Code    16  stm32f1xx_hal_tim.o(i.TIM_ITRx_SetConfig)
    i.TIM_OC1_SetConfig                      0x08003638   Section        0  stm32f1xx_hal_tim.o(i.TIM_OC1_SetConfig)
    TIM_OC1_SetConfig                        0x08003639   Thumb Code    74  stm32f1xx_hal_tim.o(i.TIM_OC1_SetConfig)
    i.TIM_OC2_SetConfig                      0x08003688   Section        0  stm32f1xx_hal_tim.o(i.TIM_OC2_SetConfig)
    i.TIM_OC3_SetConfig                      0x080036e0   Section        0  stm32f1xx_hal_tim.o(i.TIM_OC3_SetConfig)
    TIM_OC3_SetConfig                        0x080036e1   Thumb Code    82  stm32f1xx_hal_tim.o(i.TIM_OC3_SetConfig)
    i.TIM_OC4_SetConfig                      0x08003738   Section        0  stm32f1xx_hal_tim.o(i.TIM_OC4_SetConfig)
    TIM_OC4_SetConfig                        0x08003739   Thumb Code    64  stm32f1xx_hal_tim.o(i.TIM_OC4_SetConfig)
    i.TIM_TI1_ConfigInputStage               0x0800377c   Section        0  stm32f1xx_hal_tim.o(i.TIM_TI1_ConfigInputStage)
    TIM_TI1_ConfigInputStage                 0x0800377d   Thumb Code    34  stm32f1xx_hal_tim.o(i.TIM_TI1_ConfigInputStage)
    i.TIM_TI2_ConfigInputStage               0x0800379e   Section        0  stm32f1xx_hal_tim.o(i.TIM_TI2_ConfigInputStage)
    TIM_TI2_ConfigInputStage                 0x0800379f   Thumb Code    36  stm32f1xx_hal_tim.o(i.TIM_TI2_ConfigInputStage)
    i.UART_DMAAbortOnError                   0x080037c2   Section        0  stm32f1xx_hal_uart.o(i.UART_DMAAbortOnError)
    UART_DMAAbortOnError                     0x080037c3   Thumb Code    16  stm32f1xx_hal_uart.o(i.UART_DMAAbortOnError)
    i.UART_EndRxTransfer                     0x080037d2   Section        0  stm32f1xx_hal_uart.o(i.UART_EndRxTransfer)
    UART_EndRxTransfer                       0x080037d3   Thumb Code    28  stm32f1xx_hal_uart.o(i.UART_EndRxTransfer)
    i.UART_Receive_IT                        0x080037ee   Section        0  stm32f1xx_hal_uart.o(i.UART_Receive_IT)
    UART_Receive_IT                          0x080037ef   Thumb Code   140  stm32f1xx_hal_uart.o(i.UART_Receive_IT)
    i.UART_SetConfig                         0x0800387c   Section        0  stm32f1xx_hal_uart.o(i.UART_SetConfig)
    UART_SetConfig                           0x0800387d   Thumb Code   178  stm32f1xx_hal_uart.o(i.UART_SetConfig)
    i.UART_WaitOnFlagUntilTimeout            0x08003934   Section        0  stm32f1xx_hal_uart.o(i.UART_WaitOnFlagUntilTimeout)
    UART_WaitOnFlagUntilTimeout              0x08003935   Thumb Code   100  stm32f1xx_hal_uart.o(i.UART_WaitOnFlagUntilTimeout)
    i.USART2_IRQHandler                      0x08003998   Section        0  stm32f1xx_it.o(i.USART2_IRQHandler)
    i.USB_CoreInit                           0x080039a4   Section        0  stm32f1xx_ll_usb.o(i.USB_CoreInit)
    i.USB_DevDisconnect                      0x080039a8   Section        0  stm32f1xx_ll_usb.o(i.USB_DevDisconnect)
    i.USB_DevInit                            0x080039ac   Section        0  stm32f1xx_ll_usb.o(i.USB_DevInit)
    i.USB_DisableGlobalInt                   0x080039be   Section        0  stm32f1xx_ll_usb.o(i.USB_DisableGlobalInt)
    i.USB_SetCurrentMode                     0x080039cc   Section        0  stm32f1xx_ll_usb.o(i.USB_SetCurrentMode)
    i.UsageFault_Handler                     0x080039d0   Section        0  stm32f1xx_it.o(i.UsageFault_Handler)
    i.__0printf$1                            0x080039d4   Section        0  printf1.o(i.__0printf$1)
    i.__NVIC_SetPriority                     0x080039f4   Section        0  stm32f1xx_hal_cortex.o(i.__NVIC_SetPriority)
    __NVIC_SetPriority                       0x080039f5   Thumb Code    32  stm32f1xx_hal_cortex.o(i.__NVIC_SetPriority)
    i.__scatterload_copy                     0x08003a14   Section       14  handlers.o(i.__scatterload_copy)
    i.__scatterload_null                     0x08003a22   Section        2  handlers.o(i.__scatterload_null)
    i.__scatterload_zeroinit                 0x08003a24   Section       14  handlers.o(i.__scatterload_zeroinit)
    i._printf_core                           0x08003a34   Section        0  printf1.o(i._printf_core)
    _printf_core                             0x08003a35   Thumb Code   336  printf1.o(i._printf_core)
    i.fputc                                  0x08003b88   Section        0  main.o(i.fputc)
    i.main                                   0x08003ba0   Section        0  main.o(i.main)
    i.pid_Left                               0x08003d80   Section        0  main.o(i.pid_Left)
    i.pid_Right                              0x08003e6c   Section        0  main.o(i.pid_Right)
    i.setAngle                               0x08003f48   Section        0  motor.o(i.setAngle)
    .constdata                               0x08003f70   Section       16  system_stm32f1xx.o(.constdata)
    .constdata                               0x08003f80   Section        8  system_stm32f1xx.o(.constdata)
    .data                                    0x20000000   Section      144  main.o(.data)
    .data                                    0x20000090   Section       12  stm32f1xx_hal.o(.data)
    .data                                    0x2000009c   Section        4  system_stm32f1xx.o(.data)
    .data                                    0x200000a0   Section        4  stdout.o(.data)
    .bss                                     0x200000a4   Section      748  main.o(.bss)
    .bss                                     0x20000390   Section      168  i2c.o(.bss)
    .bss                                     0x20000438   Section       64  usart.o(.bss)
    .bss                                     0x20000478   Section       88  spi.o(.bss)
    .bss                                     0x200004d0   Section      288  timer.o(.bss)
    STACK                                    0x200005f0   Section     1024  startup_stm32f103xb.o(STACK)

    Global Symbols

    Symbol Name                              Value     Ov Type        Size  Object(Section)

    BuildAttributes$$THM_ISAv4$P$D$K$B$S$PE$A:L22UL41UL21$X:L11$S22US41US21$IEEE1$IW$USESV6$~STKCKD$USESV7$~SHL$OTIME$ROPI$IEEEX$EBA8$MICROLIB$REQ8$PRES8$EABIv2 0x00000000   Number         0  anon$$obj.o ABSOLUTE
    __ARM_use_no_argv                        0x00000000   Number         0  main.o ABSOLUTE
    _printf_a                                0x00000000   Number         0  stubs.o ABSOLUTE
    _printf_c                                0x00000000   Number         0  stubs.o ABSOLUTE
    _printf_charcount                        0x00000000   Number         0  stubs.o ABSOLUTE
    _printf_d                                0x00000000   Number         0  stubs.o ABSOLUTE
    _printf_e                                0x00000000   Number         0  stubs.o ABSOLUTE
    _printf_f                                0x00000000   Number         0  stubs.o ABSOLUTE
    _printf_flags                            0x00000000   Number         0  stubs.o ABSOLUTE
    _printf_fp_dec                           0x00000000   Number         0  stubs.o ABSOLUTE
    _printf_fp_hex                           0x00000000   Number         0  stubs.o ABSOLUTE
    _printf_g                                0x00000000   Number         0  stubs.o ABSOLUTE
    _printf_i                                0x00000000   Number         0  stubs.o ABSOLUTE
    _printf_int_dec                          0x00000000   Number         0  stubs.o ABSOLUTE
    _printf_l                                0x00000000   Number         0  stubs.o ABSOLUTE
    _printf_lc                               0x00000000   Number         0  stubs.o ABSOLUTE
    _printf_ll                               0x00000000   Number         0  stubs.o ABSOLUTE
    _printf_lld                              0x00000000   Number         0  stubs.o ABSOLUTE
    _printf_lli                              0x00000000   Number         0  stubs.o ABSOLUTE
    _printf_llo                              0x00000000   Number         0  stubs.o ABSOLUTE
    _printf_llu                              0x00000000   Number         0  stubs.o ABSOLUTE
    _printf_llx                              0x00000000   Number         0  stubs.o ABSOLUTE
    _printf_longlong_dec                     0x00000000   Number         0  stubs.o ABSOLUTE
    _printf_longlong_hex                     0x00000000   Number         0  stubs.o ABSOLUTE
    _printf_longlong_oct                     0x00000000   Number         0  stubs.o ABSOLUTE
    _printf_ls                               0x00000000   Number         0  stubs.o ABSOLUTE
    _printf_mbtowc                           0x00000000   Number         0  stubs.o ABSOLUTE
    _printf_n                                0x00000000   Number         0  stubs.o ABSOLUTE
    _printf_o                                0x00000000   Number         0  stubs.o ABSOLUTE
    _printf_p                                0x00000000   Number         0  stubs.o ABSOLUTE
    _printf_percent                          0x00000000   Number         0  stubs.o ABSOLUTE
    _printf_pre_padding                      0x00000000   Number         0  stubs.o ABSOLUTE
    _printf_return_value                     0x00000000   Number         0  stubs.o ABSOLUTE
    _printf_s                                0x00000000   Number         0  stubs.o ABSOLUTE
    _printf_sizespec                         0x00000000   Number         0  stubs.o ABSOLUTE
    _printf_str                              0x00000000   Number         0  stubs.o ABSOLUTE
    _printf_truncate_signed                  0x00000000   Number         0  stubs.o ABSOLUTE
    _printf_truncate_unsigned                0x00000000   Number         0  stubs.o ABSOLUTE
    _printf_u                                0x00000000   Number         0  stubs.o ABSOLUTE
    _printf_wc                               0x00000000   Number         0  stubs.o ABSOLUTE
    _printf_wctomb                           0x00000000   Number         0  stubs.o ABSOLUTE
    _printf_widthprec                        0x00000000   Number         0  stubs.o ABSOLUTE
    _printf_x                                0x00000000   Number         0  stubs.o ABSOLUTE
    __cpp_initialize__aeabi_                  - Undefined Weak Reference
    __cxa_finalize                            - Undefined Weak Reference
    __decompress                              - Undefined Weak Reference
    _clock_init                               - Undefined Weak Reference
    _microlib_exit                            - Undefined Weak Reference
    __Vectors_Size                           0x000000ec   Number         0  startup_stm32f103xb.o ABSOLUTE
    __Vectors                                0x08000000   Data           4  startup_stm32f103xb.o(RESET)
    __Vectors_End                            0x080000ec   Data           0  startup_stm32f103xb.o(RESET)
    __main                                   0x080000ed   Thumb Code     0  entry.o(.ARM.Collect$$$$00000000)
    _main_stk                                0x080000ed   Thumb Code     0  entry2.o(.ARM.Collect$$$$00000001)
    _main_scatterload                        0x080000f1   Thumb Code     0  entry5.o(.ARM.Collect$$$$00000004)
    __main_after_scatterload                 0x080000f5   Thumb Code     0  entry5.o(.ARM.Collect$$$$00000004)
    _main_clock                              0x080000f5   Thumb Code     0  entry7b.o(.ARM.Collect$$$$00000008)
    _main_cpp_init                           0x080000f5   Thumb Code     0  entry8b.o(.ARM.Collect$$$$0000000A)
    _main_init                               0x080000f5   Thumb Code     0  entry9a.o(.ARM.Collect$$$$0000000B)
    __rt_final_cpp                           0x080000fd   Thumb Code     0  entry10a.o(.ARM.Collect$$$$0000000D)
    __rt_final_exit                          0x080000fd   Thumb Code     0  entry11a.o(.ARM.Collect$$$$0000000F)
    Reset_Handler                            0x08000101   Thumb Code     8  startup_stm32f103xb.o(.text)
    ADC1_2_IRQHandler                        0x0800011b   Thumb Code     0  startup_stm32f103xb.o(.text)
    CAN1_RX1_IRQHandler                      0x0800011b   Thumb Code     0  startup_stm32f103xb.o(.text)
    CAN1_SCE_IRQHandler                      0x0800011b   Thumb Code     0  startup_stm32f103xb.o(.text)
    DMA1_Channel1_IRQHandler                 0x0800011b   Thumb Code     0  startup_stm32f103xb.o(.text)
    DMA1_Channel2_IRQHandler                 0x0800011b   Thumb Code     0  startup_stm32f103xb.o(.text)
    DMA1_Channel3_IRQHandler                 0x0800011b   Thumb Code     0  startup_stm32f103xb.o(.text)
    DMA1_Channel4_IRQHandler                 0x0800011b   Thumb Code     0  startup_stm32f103xb.o(.text)
    DMA1_Channel5_IRQHandler                 0x0800011b   Thumb Code     0  startup_stm32f103xb.o(.text)
    DMA1_Channel6_IRQHandler                 0x0800011b   Thumb Code     0  startup_stm32f103xb.o(.text)
    DMA1_Channel7_IRQHandler                 0x0800011b   Thumb Code     0  startup_stm32f103xb.o(.text)
    EXTI0_IRQHandler                         0x0800011b   Thumb Code     0  startup_stm32f103xb.o(.text)
    EXTI15_10_IRQHandler                     0x0800011b   Thumb Code     0  startup_stm32f103xb.o(.text)
    EXTI1_IRQHandler                         0x0800011b   Thumb Code     0  startup_stm32f103xb.o(.text)
    EXTI2_IRQHandler                         0x0800011b   Thumb Code     0  startup_stm32f103xb.o(.text)
    EXTI3_IRQHandler                         0x0800011b   Thumb Code     0  startup_stm32f103xb.o(.text)
    EXTI4_IRQHandler                         0x0800011b   Thumb Code     0  startup_stm32f103xb.o(.text)
    EXTI9_5_IRQHandler                       0x0800011b   Thumb Code     0  startup_stm32f103xb.o(.text)
    FLASH_IRQHandler                         0x0800011b   Thumb Code     0  startup_stm32f103xb.o(.text)
    I2C1_ER_IRQHandler                       0x0800011b   Thumb Code     0  startup_stm32f103xb.o(.text)
    I2C1_EV_IRQHandler                       0x0800011b   Thumb Code     0  startup_stm32f103xb.o(.text)
    PVD_IRQHandler                           0x0800011b   Thumb Code     0  startup_stm32f103xb.o(.text)
    RCC_IRQHandler                           0x0800011b   Thumb Code     0  startup_stm32f103xb.o(.text)
    RTC_Alarm_IRQHandler                     0x0800011b   Thumb Code     0  startup_stm32f103xb.o(.text)
    RTC_IRQHandler                           0x0800011b   Thumb Code     0  startup_stm32f103xb.o(.text)
    SPI1_IRQHandler                          0x0800011b   Thumb Code     0  startup_stm32f103xb.o(.text)
    SPI2_IRQHandler                          0x0800011b   Thumb Code     0  startup_stm32f103xb.o(.text)
    TAMPER_IRQHandler                        0x0800011b   Thumb Code     0  startup_stm32f103xb.o(.text)
    TIM1_BRK_IRQHandler                      0x0800011b   Thumb Code     0  startup_stm32f103xb.o(.text)
    TIM1_CC_IRQHandler                       0x0800011b   Thumb Code     0  startup_stm32f103xb.o(.text)
    TIM1_TRG_COM_IRQHandler                  0x0800011b   Thumb Code     0  startup_stm32f103xb.o(.text)
    TIM1_UP_IRQHandler                       0x0800011b   Thumb Code     0  startup_stm32f103xb.o(.text)
    USART1_IRQHandler                        0x0800011b   Thumb Code     0  startup_stm32f103xb.o(.text)
    USART3_IRQHandler                        0x0800011b   Thumb Code     0  startup_stm32f103xb.o(.text)
    USBWakeUp_IRQHandler                     0x0800011b   Thumb Code     0  startup_stm32f103xb.o(.text)
    USB_HP_CAN1_TX_IRQHandler                0x0800011b   Thumb Code     0  startup_stm32f103xb.o(.text)
    USB_LP_CAN1_RX0_IRQHandler               0x0800011b   Thumb Code     0  startup_stm32f103xb.o(.text)
    WWDG_IRQHandler                          0x0800011b   Thumb Code     0  startup_stm32f103xb.o(.text)
    __aeabi_llsr                             0x08000125   Thumb Code    32  llushr.o(.text)
    _ll_ushift_r                             0x08000125   Thumb Code     0  llushr.o(.text)
    __aeabi_memcpy                           0x08000145   Thumb Code    36  memcpya.o(.text)
    __aeabi_memcpy4                          0x08000145   Thumb Code     0  memcpya.o(.text)
    __aeabi_memcpy8                          0x08000145   Thumb Code     0  memcpya.o(.text)
    __aeabi_memset                           0x08000169   Thumb Code    14  memseta.o(.text)
    __aeabi_memset4                          0x08000169   Thumb Code     0  memseta.o(.text)
    __aeabi_memset8                          0x08000169   Thumb Code     0  memseta.o(.text)
    __aeabi_memclr                           0x08000177   Thumb Code     4  memseta.o(.text)
    __aeabi_memclr4                          0x08000177   Thumb Code     0  memseta.o(.text)
    __aeabi_memclr8                          0x08000177   Thumb Code     0  memseta.o(.text)
    _memset$wrapper                          0x0800017b   Thumb Code    18  memseta.o(.text)
    __aeabi_fmul                             0x0800018d   Thumb Code   100  fmul.o(.text)
    __aeabi_dadd                             0x080001f1   Thumb Code   322  dadd.o(.text)
    __aeabi_dsub                             0x08000333   Thumb Code     6  dadd.o(.text)
    __aeabi_drsub                            0x08000339   Thumb Code     6  dadd.o(.text)
    __aeabi_dmul                             0x0800033f   Thumb Code   228  dmul.o(.text)
    __aeabi_ddiv                             0x08000423   Thumb Code   222  ddiv.o(.text)
    __aeabi_i2d                              0x08000501   Thumb Code    34  dflti.o(.text)
    __aeabi_d2iz                             0x08000523   Thumb Code    62  dfixi.o(.text)
    __aeabi_f2d                              0x08000561   Thumb Code    38  f2d.o(.text)
    __aeabi_cdcmpeq                          0x08000589   Thumb Code     0  cdcmple.o(.text)
    __aeabi_cdcmple                          0x08000589   Thumb Code    48  cdcmple.o(.text)
    __aeabi_cdrcmple                         0x080005b9   Thumb Code    48  cdrcmple.o(.text)
    __aeabi_d2f                              0x080005e9   Thumb Code    56  d2f.o(.text)
    __aeabi_uidiv                            0x08000621   Thumb Code     0  uidiv.o(.text)
    __aeabi_uidivmod                         0x08000621   Thumb Code    44  uidiv.o(.text)
    __aeabi_llsl                             0x0800064d   Thumb Code    30  llshl.o(.text)
    _ll_shift_l                              0x0800064d   Thumb Code     0  llshl.o(.text)
    __aeabi_lasr                             0x0800066b   Thumb Code    36  llsshr.o(.text)
    _ll_sshift_r                             0x0800066b   Thumb Code     0  llsshr.o(.text)
    __I$use$fp                               0x0800068f   Thumb Code     0  iusefp.o(.text)
    _float_round                             0x0800068f   Thumb Code    18  fepilogue.o(.text)
    _float_epilogue                          0x080006a1   Thumb Code    92  fepilogue.o(.text)
    _double_round                            0x080006fd   Thumb Code    30  depilogue.o(.text)
    _double_epilogue                         0x0800071b   Thumb Code   156  depilogue.o(.text)
    __scatterload                            0x080007b9   Thumb Code    28  init.o(.text)
    __scatterload_rt2                        0x080007b9   Thumb Code     0  init.o(.text)
    BusFault_Handler                         0x080007dd   Thumb Code     2  stm32f1xx_it.o(i.BusFault_Handler)
    DebugMon_Handler                         0x08000809   Thumb Code     2  stm32f1xx_it.o(i.DebugMon_Handler)
    Encoder1_Get_Counter                     0x0800080b   Thumb Code     8  motor.o(i.Encoder1_Get_Counter)
    Encoder2_Get_Counter                     0x08000815   Thumb Code     6  motor.o(i.Encoder2_Get_Counter)
    Error_Handler                            0x08000821   Thumb Code     6  main.o(i.Error_Handler)
    HAL_DMA_Abort_IT                         0x08000835   Thumb Code   148  stm32f1xx_hal_dma.o(i.HAL_DMA_Abort_IT)
    HAL_DMA_GetState                         0x080008cd   Thumb Code     6  stm32f1xx_hal_dma.o(i.HAL_DMA_GetState)
    HAL_DMA_Start_IT                         0x080008d3   Thumb Code   112  stm32f1xx_hal_dma.o(i.HAL_DMA_Start_IT)
    HAL_GPIO_Init                            0x08000945   Thumb Code   446  stm32f1xx_hal_gpio.o(i.HAL_GPIO_Init)
    HAL_GPIO_ReadPin                         0x08000b25   Thumb Code    10  stm32f1xx_hal_gpio.o(i.HAL_GPIO_ReadPin)
    HAL_GPIO_WritePin                        0x08000b2f   Thumb Code    10  stm32f1xx_hal_gpio.o(i.HAL_GPIO_WritePin)
    HAL_GetTick                              0x08000b39   Thumb Code     6  stm32f1xx_hal.o(i.HAL_GetTick)
    HAL_I2C_AbortCpltCallback                0x08000b45   Thumb Code     2  stm32f1xx_hal_i2c.o(i.HAL_I2C_AbortCpltCallback)
    HAL_I2C_AddrCallback                     0x08000b47   Thumb Code     2  stm32f1xx_hal_i2c.o(i.HAL_I2C_AddrCallback)
    HAL_I2C_ER_IRQHandler                    0x08000b49   Thumb Code   196  stm32f1xx_hal_i2c.o(i.HAL_I2C_ER_IRQHandler)
    HAL_I2C_EV_IRQHandler                    0x08000c0d   Thumb Code   614  stm32f1xx_hal_i2c.o(i.HAL_I2C_EV_IRQHandler)
    HAL_I2C_ErrorCallback                    0x08000e73   Thumb Code     2  stm32f1xx_hal_i2c.o(i.HAL_I2C_ErrorCallback)
    HAL_I2C_ListenCpltCallback               0x08000e75   Thumb Code     2  stm32f1xx_hal_i2c.o(i.HAL_I2C_ListenCpltCallback)
    HAL_I2C_MasterRxCpltCallback             0x08000e77   Thumb Code     2  stm32f1xx_hal_i2c.o(i.HAL_I2C_MasterRxCpltCallback)
    HAL_I2C_MasterTxCpltCallback             0x08000e79   Thumb Code     2  stm32f1xx_hal_i2c.o(i.HAL_I2C_MasterTxCpltCallback)
    HAL_I2C_MemRxCpltCallback                0x08000e7b   Thumb Code     2  stm32f1xx_hal_i2c.o(i.HAL_I2C_MemRxCpltCallback)
    HAL_I2C_MemTxCpltCallback                0x08000e7d   Thumb Code     2  stm32f1xx_hal_i2c.o(i.HAL_I2C_MemTxCpltCallback)
    HAL_I2C_SlaveRxCpltCallback              0x08000e7f   Thumb Code     2  stm32f1xx_hal_i2c.o(i.HAL_I2C_SlaveRxCpltCallback)
    HAL_I2C_SlaveTxCpltCallback              0x08000e81   Thumb Code     2  stm32f1xx_hal_i2c.o(i.HAL_I2C_SlaveTxCpltCallback)
    HAL_IncTick                              0x08000e85   Thumb Code    12  stm32f1xx_hal.o(i.HAL_IncTick)
    HAL_Init                                 0x08000e95   Thumb Code    32  stm32f1xx_hal.o(i.HAL_Init)
    HAL_InitTick                             0x08000eb9   Thumb Code    54  stm32f1xx_hal.o(i.HAL_InitTick)
    HAL_MspInit                              0x08000ef9   Thumb Code    52  stm32f1xx_hal_msp.o(i.HAL_MspInit)
    HAL_NVIC_EnableIRQ                       0x08000f35   Thumb Code    26  stm32f1xx_hal_cortex.o(i.HAL_NVIC_EnableIRQ)
    HAL_NVIC_SetPriority                     0x08000f51   Thumb Code    60  stm32f1xx_hal_cortex.o(i.HAL_NVIC_SetPriority)
    HAL_NVIC_SetPriorityGrouping             0x08000f91   Thumb Code    26  stm32f1xx_hal_cortex.o(i.HAL_NVIC_SetPriorityGrouping)
    HAL_PCD_Init                             0x08000fb5   Thumb Code   218  stm32f1xx_hal_pcd.o(i.HAL_PCD_Init)
    HAL_PCD_MspInit                          0x08001091   Thumb Code    30  stm32f1xx_hal_msp.o(i.HAL_PCD_MspInit)
    HAL_RCCEx_PeriphCLKConfig                0x080010b9   Thumb Code   224  stm32f1xx_hal_rcc_ex.o(i.HAL_RCCEx_PeriphCLKConfig)
    HAL_RCC_ClockConfig                      0x080011a5   Thumb Code   280  stm32f1xx_hal_rcc.o(i.HAL_RCC_ClockConfig)
    HAL_RCC_GetPCLK1Freq                     0x080012d1   Thumb Code    20  stm32f1xx_hal_rcc.o(i.HAL_RCC_GetPCLK1Freq)
    HAL_RCC_GetPCLK2Freq                     0x080012f1   Thumb Code    20  stm32f1xx_hal_rcc.o(i.HAL_RCC_GetPCLK2Freq)
    HAL_RCC_GetSysClockFreq                  0x08001311   Thumb Code    74  stm32f1xx_hal_rcc.o(i.HAL_RCC_GetSysClockFreq)
    HAL_RCC_OscConfig                        0x0800137d   Thumb Code   778  stm32f1xx_hal_rcc.o(i.HAL_RCC_OscConfig)
    HAL_SPI_ErrorCallback                    0x0800169d   Thumb Code     2  stm32f1xx_hal_spi.o(i.HAL_SPI_ErrorCallback)
    HAL_SPI_Receive_DMA                      0x080016a1   Thumb Code   230  stm32f1xx_hal_spi.o(i.HAL_SPI_Receive_DMA)
    HAL_SPI_RxCpltCallback                   0x08001795   Thumb Code     2  main.o(i.HAL_SPI_RxCpltCallback)
    HAL_SPI_RxHalfCpltCallback               0x08001797   Thumb Code     2  stm32f1xx_hal_spi.o(i.HAL_SPI_RxHalfCpltCallback)
    HAL_SPI_TransmitReceive_DMA              0x08001799   Thumb Code   270  stm32f1xx_hal_spi.o(i.HAL_SPI_TransmitReceive_DMA)
    HAL_SPI_TxRxCpltCallback                 0x080018bd   Thumb Code     2  stm32f1xx_hal_spi.o(i.HAL_SPI_TxRxCpltCallback)
    HAL_SPI_TxRxHalfCpltCallback             0x080018bf   Thumb Code     2  stm32f1xx_hal_spi.o(i.HAL_SPI_TxRxHalfCpltCallback)
    HAL_SYSTICK_Config                       0x080018c1   Thumb Code    40  stm32f1xx_hal_cortex.o(i.HAL_SYSTICK_Config)
    HAL_TIMEx_BreakCallback                  0x080018e9   Thumb Code     2  stm32f1xx_hal_tim_ex.o(i.HAL_TIMEx_BreakCallback)
    HAL_TIMEx_CommutCallback                 0x080018eb   Thumb Code     2  stm32f1xx_hal_tim_ex.o(i.HAL_TIMEx_CommutCallback)
    HAL_TIMEx_ConfigBreakDeadTime            0x080018ed   Thumb Code    84  stm32f1xx_hal_tim_ex.o(i.HAL_TIMEx_ConfigBreakDeadTime)
    HAL_TIMEx_MasterConfigSynchronization    0x08001941   Thumb Code    92  stm32f1xx_hal_tim_ex.o(i.HAL_TIMEx_MasterConfigSynchronization)
    HAL_TIM_Base_Init                        0x080019a9   Thumb Code    90  stm32f1xx_hal_tim.o(i.HAL_TIM_Base_Init)
    HAL_TIM_Base_MspInit                     0x08001a05   Thumb Code    72  stm32f1xx_hal_msp.o(i.HAL_TIM_Base_MspInit)
    HAL_TIM_Base_Start_IT                    0x08001a59   Thumb Code    76  stm32f1xx_hal_tim.o(i.HAL_TIM_Base_Start_IT)
    HAL_TIM_ConfigClockSource                0x08001ab1   Thumb Code   214  stm32f1xx_hal_tim.o(i.HAL_TIM_ConfigClockSource)
    HAL_TIM_Encoder_Init                     0x08001b87   Thumb Code   164  stm32f1xx_hal_tim.o(i.HAL_TIM_Encoder_Init)
    HAL_TIM_Encoder_MspInit                  0x08001c2d   Thumb Code   224  stm32f1xx_hal_msp.o(i.HAL_TIM_Encoder_MspInit)
    HAL_TIM_Encoder_Start                    0x08001d21   Thumb Code   142  stm32f1xx_hal_tim.o(i.HAL_TIM_Encoder_Start)
    HAL_TIM_IC_CaptureCallback               0x08001daf   Thumb Code     2  stm32f1xx_hal_tim.o(i.HAL_TIM_IC_CaptureCallback)
    HAL_TIM_IRQHandler                       0x08001db1   Thumb Code   358  stm32f1xx_hal_tim.o(i.HAL_TIM_IRQHandler)
    HAL_TIM_MspPostInit                      0x08001f19   Thumb Code    64  stm32f1xx_hal_msp.o(i.HAL_TIM_MspPostInit)
    HAL_TIM_OC_DelayElapsedCallback          0x08001f65   Thumb Code     2  stm32f1xx_hal_tim.o(i.HAL_TIM_OC_DelayElapsedCallback)
    HAL_TIM_PWM_ConfigChannel                0x08001f67   Thumb Code   198  stm32f1xx_hal_tim.o(i.HAL_TIM_PWM_ConfigChannel)
    HAL_TIM_PWM_Init                         0x0800202d   Thumb Code    90  stm32f1xx_hal_tim.o(i.HAL_TIM_PWM_Init)
    HAL_TIM_PWM_MspInit                      0x08002087   Thumb Code     2  stm32f1xx_hal_tim.o(i.HAL_TIM_PWM_MspInit)
    HAL_TIM_PWM_PulseFinishedCallback        0x08002089   Thumb Code    20  motor.o(i.HAL_TIM_PWM_PulseFinishedCallback)
    HAL_TIM_PWM_Start                        0x080020a5   Thumb Code   144  stm32f1xx_hal_tim.o(i.HAL_TIM_PWM_Start)
    HAL_TIM_PWM_Start_IT                     0x08002141   Thumb Code   184  stm32f1xx_hal_tim.o(i.HAL_TIM_PWM_Start_IT)
    HAL_TIM_PeriodElapsedCallback            0x08002205   Thumb Code    32  main.o(i.HAL_TIM_PeriodElapsedCallback)
    HAL_TIM_TriggerCallback                  0x0800222d   Thumb Code     2  stm32f1xx_hal_tim.o(i.HAL_TIM_TriggerCallback)
    HAL_UART_ErrorCallback                   0x0800222f   Thumb Code     2  stm32f1xx_hal_uart.o(i.HAL_UART_ErrorCallback)
    HAL_UART_IRQHandler                      0x08002231   Thumb Code   344  stm32f1xx_hal_uart.o(i.HAL_UART_IRQHandler)
    HAL_UART_Init                            0x0800238d   Thumb Code    98  stm32f1xx_hal_uart.o(i.HAL_UART_Init)
    HAL_UART_MspInit                         0x080023f1   Thumb Code   114  stm32f1xx_hal_msp.o(i.HAL_UART_MspInit)
    HAL_UART_Receive_IT                      0x08002471   Thumb Code    82  stm32f1xx_hal_uart.o(i.HAL_UART_Receive_IT)
    HAL_UART_RxCpltCallback                  0x080024c3   Thumb Code     2  main.o(i.HAL_UART_RxCpltCallback)
    HAL_UART_Transmit                        0x080024c5   Thumb Code   178  stm32f1xx_hal_uart.o(i.HAL_UART_Transmit)
    HAL_UART_TxCpltCallback                  0x08002577   Thumb Code     2  stm32f1xx_hal_uart.o(i.HAL_UART_TxCpltCallback)
    HardFault_Handler                        0x08002579   Thumb Code     2  stm32f1xx_it.o(i.HardFault_Handler)
    I2C2_ER_IRQHandler                       0x0800257d   Thumb Code     6  stm32f1xx_it.o(i.I2C2_ER_IRQHandler)
    I2C2_EV_IRQHandler                       0x08002589   Thumb Code     6  stm32f1xx_it.o(i.I2C2_EV_IRQHandler)
    LeftMotor                                0x08002ef5   Thumb Code    22  motor.o(i.LeftMotor)
    MX_GPIO_Init                             0x08002f15   Thumb Code   174  gpio.o(i.MX_GPIO_Init)
    MX_TIM1_Init                             0x08002fd1   Thumb Code   224  timer.o(i.MX_TIM1_Init)
    MX_TIM2_Init                             0x080030b9   Thumb Code   110  timer.o(i.MX_TIM2_Init)
    MX_TIM3_Init                             0x0800312d   Thumb Code   108  timer.o(i.MX_TIM3_Init)
    MX_TIM4_Init                             0x080031a1   Thumb Code   156  timer.o(i.MX_TIM4_Init)
    MX_USART2_Init                           0x08003245   Thumb Code    48  usart.o(i.MX_USART2_Init)
    MemManage_Handler                        0x0800327d   Thumb Code     2  stm32f1xx_it.o(i.MemManage_Handler)
    NMI_Handler                              0x0800327f   Thumb Code     2  stm32f1xx_it.o(i.NMI_Handler)
    PendSV_Handler                           0x08003281   Thumb Code     2  stm32f1xx_it.o(i.PendSV_Handler)
    RightMotor                               0x08003285   Thumb Code    22  motor.o(i.RightMotor)
    SVC_Handler                              0x080034d5   Thumb Code     2  stm32f1xx_it.o(i.SVC_Handler)
    Set_Encoder                              0x080034d9   Thumb Code    16  motor.o(i.Set_Encoder)
    SysTick_Handler                          0x080034ed   Thumb Code     4  stm32f1xx_it.o(i.SysTick_Handler)
    SystemClock_Config                       0x080034f1   Thumb Code   118  main.o(i.SystemClock_Config)
    SystemInit                               0x08003567   Thumb Code     2  system_stm32f1xx.o(i.SystemInit)
    TIM2_IRQHandler                          0x08003569   Thumb Code     6  stm32f1xx_it.o(i.TIM2_IRQHandler)
    TIM3_IRQHandler                          0x08003575   Thumb Code     6  stm32f1xx_it.o(i.TIM3_IRQHandler)
    TIM4_IRQHandler                          0x08003581   Thumb Code     6  stm32f1xx_it.o(i.TIM4_IRQHandler)
    TIM_Base_SetConfig                       0x0800358d   Thumb Code    94  stm32f1xx_hal_tim.o(i.TIM_Base_SetConfig)
    TIM_CCxChannelCmd                        0x080035f9   Thumb Code    26  stm32f1xx_hal_tim.o(i.TIM_CCxChannelCmd)
    TIM_ETR_SetConfig                        0x08003613   Thumb Code    20  stm32f1xx_hal_tim.o(i.TIM_ETR_SetConfig)
    TIM_OC2_SetConfig                        0x08003689   Thumb Code    84  stm32f1xx_hal_tim.o(i.TIM_OC2_SetConfig)
    USART2_IRQHandler                        0x08003999   Thumb Code     6  stm32f1xx_it.o(i.USART2_IRQHandler)
    USB_CoreInit                             0x080039a5   Thumb Code     4  stm32f1xx_ll_usb.o(i.USB_CoreInit)
    USB_DevDisconnect                        0x080039a9   Thumb Code     4  stm32f1xx_ll_usb.o(i.USB_DevDisconnect)
    USB_DevInit                              0x080039ad   Thumb Code    18  stm32f1xx_ll_usb.o(i.USB_DevInit)
    USB_DisableGlobalInt                     0x080039bf   Thumb Code    14  stm32f1xx_ll_usb.o(i.USB_DisableGlobalInt)
    USB_SetCurrentMode                       0x080039cd   Thumb Code     4  stm32f1xx_ll_usb.o(i.USB_SetCurrentMode)
    UsageFault_Handler                       0x080039d1   Thumb Code     2  stm32f1xx_it.o(i.UsageFault_Handler)
    __0printf$1                              0x080039d5   Thumb Code    22  printf1.o(i.__0printf$1)
    __1printf$1                              0x080039d5   Thumb Code     0  printf1.o(i.__0printf$1)
    __2printf                                0x080039d5   Thumb Code     0  printf1.o(i.__0printf$1)
    __scatterload_copy                       0x08003a15   Thumb Code    14  handlers.o(i.__scatterload_copy)
    __scatterload_null                       0x08003a23   Thumb Code     2  handlers.o(i.__scatterload_null)
    __scatterload_zeroinit                   0x08003a25   Thumb Code    14  handlers.o(i.__scatterload_zeroinit)
    fputc                                    0x08003b89   Thumb Code    18  main.o(i.fputc)
    main                                     0x08003ba1   Thumb Code   410  main.o(i.main)
    pid_Left                                 0x08003d81   Thumb Code   224  main.o(i.pid_Left)
    pid_Right                                0x08003e6d   Thumb Code   206  main.o(i.pid_Right)
    setAngle                                 0x08003f49   Thumb Code    36  motor.o(i.setAngle)
    AHBPrescTable                            0x08003f70   Data          16  system_stm32f1xx.o(.constdata)
    APBPrescTable                            0x08003f80   Data           8  system_stm32f1xx.o(.constdata)
    Region$$Table$$Base                      0x08003f88   Number         0  anon$$obj.o(Region$$Table)
    Region$$Table$$Limit                     0x08003fa8   Number         0  anon$$obj.o(Region$$Table)
    State                                    0x20000000   Data           1  main.o(.data)
    flag                                     0x20000004   Data           4  main.o(.data)
    kp_L                                     0x20000008   Data           4  main.o(.data)
    ki_L                                     0x2000000c   Data           4  main.o(.data)
    kd_L                                     0x20000010   Data           4  main.o(.data)
    kp_R                                     0x20000014   Data           4  main.o(.data)
    ki_R                                     0x20000018   Data           4  main.o(.data)
    kd_R                                     0x2000001c   Data           4  main.o(.data)
    error                                    0x20000020   Data           4  main.o(.data)
    aRxBuffer                                0x20000024   Data           4  main.o(.data)
    read_encoder1                            0x20000028   Data           4  main.o(.data)
    read_encoder2                            0x2000002c   Data           4  main.o(.data)
    count_tim                                0x20000030   Data           4  main.o(.data)
    preError_L                               0x20000038   Data           8  main.o(.data)
    precount_L                               0x20000040   Data           8  main.o(.data)
    duty_L                                   0x20000048   Data           8  main.o(.data)
    preError_R                               0x20000050   Data           8  main.o(.data)
    precount_R                               0x20000058   Data           8  main.o(.data)
    duty_R                                   0x20000060   Data           8  main.o(.data)
    speed                                    0x20000068   Data           8  main.o(.data)
    i_L                                      0x20000070   Data           8  main.o(.data)
    d_L                                      0x20000078   Data           8  main.o(.data)
    i_R                                      0x20000080   Data           8  main.o(.data)
    d_R                                      0x20000088   Data           8  main.o(.data)
    uwTickFreq                               0x20000090   Data           1  stm32f1xx_hal.o(.data)
    uwTickPrio                               0x20000094   Data           4  stm32f1xx_hal.o(.data)
    uwTick                                   0x20000098   Data           4  stm32f1xx_hal.o(.data)
    SystemCoreClock                          0x2000009c   Data           4  system_stm32f1xx.o(.data)
    __stdout                                 0x200000a0   Data           4  stdout.o(.data)
    hpcd_USB_FS                              0x200000a4   Data         748  main.o(.bss)
    hi2c1                                    0x20000390   Data          84  i2c.o(.bss)
    hi2c2                                    0x200003e4   Data          84  i2c.o(.bss)
    huart2                                   0x20000438   Data          64  usart.o(.bss)
    hspi1                                    0x20000478   Data          88  spi.o(.bss)
    htim1                                    0x200004d0   Data          72  timer.o(.bss)
    htim2                                    0x20000518   Data          72  timer.o(.bss)
    htim3                                    0x20000560   Data          72  timer.o(.bss)
    htim4                                    0x200005a8   Data          72  timer.o(.bss)
    __initial_sp                             0x200009f0   Data           0  startup_stm32f103xb.o(STACK)



==============================================================================

Memory Map of the image

  Image Entry point : 0x080000ed

  Load Region LR_IROM1 (Base: 0x08000000, Size: 0x0000404c, Max: 0x00010000, ABSOLUTE)

    Execution Region ER_IROM1 (Exec base: 0x08000000, Load base: 0x08000000, Size: 0x00003fa8, Max: 0x00010000, ABSOLUTE)

    Exec Addr    Load Addr    Size         Type   Attr      Idx    E Section Name        Object

    0x08000000   0x08000000   0x000000ec   Data   RO            3    RESET               startup_stm32f103xb.o
    0x080000ec   0x080000ec   0x00000000   Code   RO         4237  * .ARM.Collect$$$$00000000  mc_w.l(entry.o)
    0x080000ec   0x080000ec   0x00000004   Code   RO         4564    .ARM.Collect$$$$00000001  mc_w.l(entry2.o)
    0x080000f0   0x080000f0   0x00000004   Code   RO         4567    .ARM.Collect$$$$00000004  mc_w.l(entry5.o)
    0x080000f4   0x080000f4   0x00000000   Code   RO         4569    .ARM.Collect$$$$00000008  mc_w.l(entry7b.o)
    0x080000f4   0x080000f4   0x00000000   Code   RO         4571    .ARM.Collect$$$$0000000A  mc_w.l(entry8b.o)
    0x080000f4   0x080000f4   0x00000008   Code   RO         4572    .ARM.Collect$$$$0000000B  mc_w.l(entry9a.o)
    0x080000fc   0x080000fc   0x00000000   Code   RO         4574    .ARM.Collect$$$$0000000D  mc_w.l(entry10a.o)
    0x080000fc   0x080000fc   0x00000000   Code   RO         4576    .ARM.Collect$$$$0000000F  mc_w.l(entry11a.o)
    0x080000fc   0x080000fc   0x00000004   Code   RO         4565    .ARM.Collect$$$$00002712  mc_w.l(entry2.o)
    0x08000100   0x08000100   0x00000024   Code   RO            4    .text               startup_stm32f103xb.o
    0x08000124   0x08000124   0x00000020   Code   RO         4240    .text               mc_w.l(llushr.o)
    0x08000144   0x08000144   0x00000024   Code   RO         4242    .text               mc_w.l(memcpya.o)
    0x08000168   0x08000168   0x00000024   Code   RO         4244    .text               mc_w.l(memseta.o)
    0x0800018c   0x0800018c   0x00000064   Code   RO         4509    .text               mf_w.l(fmul.o)
    0x080001f0   0x080001f0   0x0000014e   Code   RO         4511    .text               mf_w.l(dadd.o)
    0x0800033e   0x0800033e   0x000000e4   Code   RO         4513    .text               mf_w.l(dmul.o)
    0x08000422   0x08000422   0x000000de   Code   RO         4515    .text               mf_w.l(ddiv.o)
    0x08000500   0x08000500   0x00000022   Code   RO         4523    .text               mf_w.l(dflti.o)
    0x08000522   0x08000522   0x0000003e   Code   RO         4527    .text               mf_w.l(dfixi.o)
    0x08000560   0x08000560   0x00000026   Code   RO         4529    .text               mf_w.l(f2d.o)
    0x08000586   0x08000586   0x00000002   PAD
    0x08000588   0x08000588   0x00000030   Code   RO         4531    .text               mf_w.l(cdcmple.o)
    0x080005b8   0x080005b8   0x00000030   Code   RO         4533    .text               mf_w.l(cdrcmple.o)
    0x080005e8   0x080005e8   0x00000038   Code   RO         4535    .text               mf_w.l(d2f.o)
    0x08000620   0x08000620   0x0000002c   Code   RO         4579    .text               mc_w.l(uidiv.o)
    0x0800064c   0x0800064c   0x0000001e   Code   RO         4583    .text               mc_w.l(llshl.o)
    0x0800066a   0x0800066a   0x00000024   Code   RO         4585    .text               mc_w.l(llsshr.o)
    0x0800068e   0x0800068e   0x00000000   Code   RO         4594    .text               mc_w.l(iusefp.o)
    0x0800068e   0x0800068e   0x0000006e   Code   RO         4595    .text               mf_w.l(fepilogue.o)
    0x080006fc   0x080006fc   0x000000ba   Code   RO         4597    .text               mf_w.l(depilogue.o)
    0x080007b6   0x080007b6   0x00000002   PAD
    0x080007b8   0x080007b8   0x00000024   Code   RO         4605    .text               mc_w.l(init.o)
    0x080007dc   0x080007dc   0x00000002   Code   RO          229    i.BusFault_Handler  stm32f1xx_it.o
    0x080007de   0x080007de   0x0000002a   Code   RO         1528    i.DMA_SetConfig     stm32f1xx_hal_dma.o
    0x08000808   0x08000808   0x00000002   Code   RO          230    i.DebugMon_Handler  stm32f1xx_it.o
    0x0800080a   0x0800080a   0x00000008   Code   RO          503    i.Encoder1_Get_Counter  motor.o
    0x08000812   0x08000812   0x00000002   PAD
    0x08000814   0x08000814   0x0000000c   Code   RO          504    i.Encoder2_Get_Counter  motor.o
    0x08000820   0x08000820   0x00000014   Code   RO           13    i.Error_Handler     main.o
    0x08000834   0x08000834   0x00000098   Code   RO         1530    i.HAL_DMA_Abort_IT  stm32f1xx_hal_dma.o
    0x080008cc   0x080008cc   0x00000006   Code   RO         1533    i.HAL_DMA_GetState  stm32f1xx_hal_dma.o
    0x080008d2   0x080008d2   0x00000070   Code   RO         1539    i.HAL_DMA_Start_IT  stm32f1xx_hal_dma.o
    0x08000942   0x08000942   0x00000002   PAD
    0x08000944   0x08000944   0x000001e0   Code   RO         1465    i.HAL_GPIO_Init     stm32f1xx_hal_gpio.o
    0x08000b24   0x08000b24   0x0000000a   Code   RO         1467    i.HAL_GPIO_ReadPin  stm32f1xx_hal_gpio.o
    0x08000b2e   0x08000b2e   0x0000000a   Code   RO         1469    i.HAL_GPIO_WritePin  stm32f1xx_hal_gpio.o
    0x08000b38   0x08000b38   0x0000000c   Code   RO         1161    i.HAL_GetTick       stm32f1xx_hal.o
    0x08000b44   0x08000b44   0x00000002   Code   RO          723    i.HAL_I2C_AbortCpltCallback  stm32f1xx_hal_i2c.o
    0x08000b46   0x08000b46   0x00000002   Code   RO          724    i.HAL_I2C_AddrCallback  stm32f1xx_hal_i2c.o
    0x08000b48   0x08000b48   0x000000c4   Code   RO          727    i.HAL_I2C_ER_IRQHandler  stm32f1xx_hal_i2c.o
    0x08000c0c   0x08000c0c   0x00000266   Code   RO          728    i.HAL_I2C_EV_IRQHandler  stm32f1xx_hal_i2c.o
    0x08000e72   0x08000e72   0x00000002   Code   RO          730    i.HAL_I2C_ErrorCallback  stm32f1xx_hal_i2c.o
    0x08000e74   0x08000e74   0x00000002   Code   RO          736    i.HAL_I2C_ListenCpltCallback  stm32f1xx_hal_i2c.o
    0x08000e76   0x08000e76   0x00000002   Code   RO          737    i.HAL_I2C_MasterRxCpltCallback  stm32f1xx_hal_i2c.o
    0x08000e78   0x08000e78   0x00000002   Code   RO          738    i.HAL_I2C_MasterTxCpltCallback  stm32f1xx_hal_i2c.o
    0x08000e7a   0x08000e7a   0x00000002   Code   RO          750    i.HAL_I2C_MemRxCpltCallback  stm32f1xx_hal_i2c.o
    0x08000e7c   0x08000e7c   0x00000002   Code   RO          751    i.HAL_I2C_MemTxCpltCallback  stm32f1xx_hal_i2c.o
    0x08000e7e   0x08000e7e   0x00000002   Code   RO          760    i.HAL_I2C_SlaveRxCpltCallback  stm32f1xx_hal_i2c.o
    0x08000e80   0x08000e80   0x00000002   Code   RO          761    i.HAL_I2C_SlaveTxCpltCallback  stm32f1xx_hal_i2c.o
    0x08000e82   0x08000e82   0x00000002   PAD
    0x08000e84   0x08000e84   0x00000010   Code   RO         1167    i.HAL_IncTick       stm32f1xx_hal.o
    0x08000e94   0x08000e94   0x00000024   Code   RO         1168    i.HAL_Init          stm32f1xx_hal.o
    0x08000eb8   0x08000eb8   0x00000040   Code   RO         1169    i.HAL_InitTick      stm32f1xx_hal.o
    0x08000ef8   0x08000ef8   0x0000003c   Code   RO          343    i.HAL_MspInit       stm32f1xx_hal_msp.o
    0x08000f34   0x08000f34   0x0000001a   Code   RO         1625    i.HAL_NVIC_EnableIRQ  stm32f1xx_hal_cortex.o
    0x08000f4e   0x08000f4e   0x00000002   PAD
    0x08000f50   0x08000f50   0x00000040   Code   RO         1631    i.HAL_NVIC_SetPriority  stm32f1xx_hal_cortex.o
    0x08000f90   0x08000f90   0x00000024   Code   RO         1632    i.HAL_NVIC_SetPriorityGrouping  stm32f1xx_hal_cortex.o
    0x08000fb4   0x08000fb4   0x000000da   Code   RO         3764    i.HAL_PCD_Init      stm32f1xx_hal_pcd.o
    0x0800108e   0x0800108e   0x00000002   PAD
    0x08001090   0x08001090   0x00000028   Code   RO          345    i.HAL_PCD_MspInit   stm32f1xx_hal_msp.o
    0x080010b8   0x080010b8   0x000000ec   Code   RO         1428    i.HAL_RCCEx_PeriphCLKConfig  stm32f1xx_hal_rcc_ex.o
    0x080011a4   0x080011a4   0x0000012c   Code   RO         1325    i.HAL_RCC_ClockConfig  stm32f1xx_hal_rcc.o
    0x080012d0   0x080012d0   0x00000020   Code   RO         1332    i.HAL_RCC_GetPCLK1Freq  stm32f1xx_hal_rcc.o
    0x080012f0   0x080012f0   0x00000020   Code   RO         1333    i.HAL_RCC_GetPCLK2Freq  stm32f1xx_hal_rcc.o
    0x08001310   0x08001310   0x0000006c   Code   RO         1334    i.HAL_RCC_GetSysClockFreq  stm32f1xx_hal_rcc.o
    0x0800137c   0x0800137c   0x00000320   Code   RO         1337    i.HAL_RCC_OscConfig  stm32f1xx_hal_rcc.o
    0x0800169c   0x0800169c   0x00000002   Code   RO         2132    i.HAL_SPI_ErrorCallback  stm32f1xx_hal_spi.o
    0x0800169e   0x0800169e   0x00000002   PAD
    0x080016a0   0x080016a0   0x000000f4   Code   RO         2140    i.HAL_SPI_Receive_DMA  stm32f1xx_hal_spi.o
    0x08001794   0x08001794   0x00000002   Code   RO           14    i.HAL_SPI_RxCpltCallback  main.o
    0x08001796   0x08001796   0x00000002   Code   RO         2143    i.HAL_SPI_RxHalfCpltCallback  stm32f1xx_hal_spi.o
    0x08001798   0x08001798   0x00000124   Code   RO         2146    i.HAL_SPI_TransmitReceive_DMA  stm32f1xx_hal_spi.o
    0x080018bc   0x080018bc   0x00000002   Code   RO         2152    i.HAL_SPI_TxRxCpltCallback  stm32f1xx_hal_spi.o
    0x080018be   0x080018be   0x00000002   Code   RO         2153    i.HAL_SPI_TxRxHalfCpltCallback  stm32f1xx_hal_spi.o
    0x080018c0   0x080018c0   0x00000028   Code   RO         1636    i.HAL_SYSTICK_Config  stm32f1xx_hal_cortex.o
    0x080018e8   0x080018e8   0x00000002   Code   RO         3153    i.HAL_TIMEx_BreakCallback  stm32f1xx_hal_tim_ex.o
    0x080018ea   0x080018ea   0x00000002   Code   RO         3154    i.HAL_TIMEx_CommutCallback  stm32f1xx_hal_tim_ex.o
    0x080018ec   0x080018ec   0x00000054   Code   RO         3156    i.HAL_TIMEx_ConfigBreakDeadTime  stm32f1xx_hal_tim_ex.o
    0x08001940   0x08001940   0x00000068   Code   RO         3172    i.HAL_TIMEx_MasterConfigSynchronization  stm32f1xx_hal_tim_ex.o
    0x080019a8   0x080019a8   0x0000005a   Code   RO         2449    i.HAL_TIM_Base_Init  stm32f1xx_hal_tim.o
    0x08001a02   0x08001a02   0x00000002   PAD
    0x08001a04   0x08001a04   0x00000054   Code   RO          349    i.HAL_TIM_Base_MspInit  stm32f1xx_hal_msp.o
    0x08001a58   0x08001a58   0x00000058   Code   RO         2454    i.HAL_TIM_Base_Start_IT  stm32f1xx_hal_tim.o
    0x08001ab0   0x08001ab0   0x000000d6   Code   RO         2458    i.HAL_TIM_ConfigClockSource  stm32f1xx_hal_tim.o
    0x08001b86   0x08001b86   0x000000a4   Code   RO         2470    i.HAL_TIM_Encoder_Init  stm32f1xx_hal_tim.o
    0x08001c2a   0x08001c2a   0x00000002   PAD
    0x08001c2c   0x08001c2c   0x000000f4   Code   RO          351    i.HAL_TIM_Encoder_MspInit  stm32f1xx_hal_msp.o
    0x08001d20   0x08001d20   0x0000008e   Code   RO         2473    i.HAL_TIM_Encoder_Start  stm32f1xx_hal_tim.o
    0x08001dae   0x08001dae   0x00000002   Code   RO         2483    i.HAL_TIM_IC_CaptureCallback  stm32f1xx_hal_tim.o
    0x08001db0   0x08001db0   0x00000166   Code   RO         2497    i.HAL_TIM_IRQHandler  stm32f1xx_hal_tim.o
    0x08001f16   0x08001f16   0x00000002   PAD
    0x08001f18   0x08001f18   0x0000004c   Code   RO          352    i.HAL_TIM_MspPostInit  stm32f1xx_hal_msp.o
    0x08001f64   0x08001f64   0x00000002   Code   RO         2500    i.HAL_TIM_OC_DelayElapsedCallback  stm32f1xx_hal_tim.o
    0x08001f66   0x08001f66   0x000000c6   Code   RO         2521    i.HAL_TIM_PWM_ConfigChannel  stm32f1xx_hal_tim.o
    0x0800202c   0x0800202c   0x0000005a   Code   RO         2524    i.HAL_TIM_PWM_Init  stm32f1xx_hal_tim.o
    0x08002086   0x08002086   0x00000002   Code   RO         2526    i.HAL_TIM_PWM_MspInit  stm32f1xx_hal_tim.o
    0x08002088   0x08002088   0x0000001c   Code   RO          505    i.HAL_TIM_PWM_PulseFinishedCallback  motor.o
    0x080020a4   0x080020a4   0x0000009c   Code   RO         2529    i.HAL_TIM_PWM_Start  stm32f1xx_hal_tim.o
    0x08002140   0x08002140   0x000000c4   Code   RO         2531    i.HAL_TIM_PWM_Start_IT  stm32f1xx_hal_tim.o
    0x08002204   0x08002204   0x00000028   Code   RO           15    i.HAL_TIM_PeriodElapsedCallback  main.o
    0x0800222c   0x0800222c   0x00000002   Code   RO         2540    i.HAL_TIM_TriggerCallback  stm32f1xx_hal_tim.o
    0x0800222e   0x0800222e   0x00000002   Code   RO         3441    i.HAL_UART_ErrorCallback  stm32f1xx_hal_uart.o
    0x08002230   0x08002230   0x0000015c   Code   RO         3444    i.HAL_UART_IRQHandler  stm32f1xx_hal_uart.o
    0x0800238c   0x0800238c   0x00000062   Code   RO         3445    i.HAL_UART_Init     stm32f1xx_hal_uart.o
    0x080023ee   0x080023ee   0x00000002   PAD
    0x080023f0   0x080023f0   0x00000080   Code   RO          354    i.HAL_UART_MspInit  stm32f1xx_hal_msp.o
    0x08002470   0x08002470   0x00000052   Code   RO         3450    i.HAL_UART_Receive_IT  stm32f1xx_hal_uart.o
    0x080024c2   0x080024c2   0x00000002   Code   RO           16    i.HAL_UART_RxCpltCallback  main.o
    0x080024c4   0x080024c4   0x000000b2   Code   RO         3453    i.HAL_UART_Transmit  stm32f1xx_hal_uart.o
    0x08002576   0x08002576   0x00000002   Code   RO         3456    i.HAL_UART_TxCpltCallback  stm32f1xx_hal_uart.o
    0x08002578   0x08002578   0x00000002   Code   RO          231    i.HardFault_Handler  stm32f1xx_it.o
    0x0800257a   0x0800257a   0x00000002   PAD
    0x0800257c   0x0800257c   0x0000000c   Code   RO          232    i.I2C2_ER_IRQHandler  stm32f1xx_it.o
    0x08002588   0x08002588   0x0000000c   Code   RO          233    i.I2C2_EV_IRQHandler  stm32f1xx_it.o
    0x08002594   0x08002594   0x000000bc   Code   RO          772    i.I2C_DMAAbort      stm32f1xx_hal_i2c.o
    0x08002650   0x08002650   0x00000158   Code   RO          775    i.I2C_ITError       stm32f1xx_hal_i2c.o
    0x080027a8   0x080027a8   0x000000d2   Code   RO          777    i.I2C_MasterReceive_BTF  stm32f1xx_hal_i2c.o
    0x0800287a   0x0800287a   0x00000002   PAD
    0x0800287c   0x0800287c   0x000000e8   Code   RO          778    i.I2C_MasterReceive_RXNE  stm32f1xx_hal_i2c.o
    0x08002964   0x08002964   0x00000074   Code   RO          781    i.I2C_MasterTransmit_BTF  stm32f1xx_hal_i2c.o
    0x080029d8   0x080029d8   0x000000b6   Code   RO          782    i.I2C_MasterTransmit_TXE  stm32f1xx_hal_i2c.o
    0x08002a8e   0x08002a8e   0x00000002   PAD
    0x08002a90   0x08002a90   0x00000158   Code   RO          783    i.I2C_Master_ADDR   stm32f1xx_hal_i2c.o
    0x08002be8   0x08002be8   0x0000008c   Code   RO          784    i.I2C_Master_SB     stm32f1xx_hal_i2c.o
    0x08002c74   0x08002c74   0x000000a0   Code   RO          785    i.I2C_MemoryTransmit_TXE_BTF  stm32f1xx_hal_i2c.o
    0x08002d14   0x08002d14   0x00000084   Code   RO          788    i.I2C_Slave_AF      stm32f1xx_hal_i2c.o
    0x08002d98   0x08002d98   0x0000015c   Code   RO          789    i.I2C_Slave_STOPF   stm32f1xx_hal_i2c.o
    0x08002ef4   0x08002ef4   0x00000020   Code   RO          506    i.LeftMotor         motor.o
    0x08002f14   0x08002f14   0x000000bc   Code   RO          663    i.MX_GPIO_Init      gpio.o
    0x08002fd0   0x08002fd0   0x000000e8   Code   RO          612    i.MX_TIM1_Init      timer.o
    0x080030b8   0x080030b8   0x00000074   Code   RO          613    i.MX_TIM2_Init      timer.o
    0x0800312c   0x0800312c   0x00000074   Code   RO          614    i.MX_TIM3_Init      timer.o
    0x080031a0   0x080031a0   0x000000a4   Code   RO          615    i.MX_TIM4_Init      timer.o
    0x08003244   0x08003244   0x00000038   Code   RO          476    i.MX_USART2_Init    usart.o
    0x0800327c   0x0800327c   0x00000002   Code   RO          234    i.MemManage_Handler  stm32f1xx_it.o
    0x0800327e   0x0800327e   0x00000002   Code   RO          235    i.NMI_Handler       stm32f1xx_it.o
    0x08003280   0x08003280   0x00000002   Code   RO          236    i.PendSV_Handler    stm32f1xx_it.o
    0x08003282   0x08003282   0x00000002   PAD
    0x08003284   0x08003284   0x00000020   Code   RO          507    i.RightMotor        motor.o
    0x080032a4   0x080032a4   0x00000022   Code   RO         2164    i.SPI_DMAError      stm32f1xx_hal_spi.o
    0x080032c6   0x080032c6   0x0000000a   Code   RO         2165    i.SPI_DMAHalfReceiveCplt  stm32f1xx_hal_spi.o
    0x080032d0   0x080032d0   0x0000000a   Code   RO         2167    i.SPI_DMAHalfTransmitReceiveCplt  stm32f1xx_hal_spi.o
    0x080032da   0x080032da   0x0000006a   Code   RO         2168    i.SPI_DMAReceiveCplt  stm32f1xx_hal_spi.o
    0x08003344   0x08003344   0x0000005a   Code   RO         2171    i.SPI_DMATransmitReceiveCplt  stm32f1xx_hal_spi.o
    0x0800339e   0x0800339e   0x0000005c   Code   RO         2173    i.SPI_EndRxTransaction  stm32f1xx_hal_spi.o
    0x080033fa   0x080033fa   0x00000020   Code   RO         2174    i.SPI_EndRxTxTransaction  stm32f1xx_hal_spi.o
    0x0800341a   0x0800341a   0x00000002   PAD
    0x0800341c   0x0800341c   0x000000b8   Code   RO         2179    i.SPI_WaitFlagStateUntilTimeout  stm32f1xx_hal_spi.o
    0x080034d4   0x080034d4   0x00000002   Code   RO          237    i.SVC_Handler       stm32f1xx_it.o
    0x080034d6   0x080034d6   0x00000002   PAD
    0x080034d8   0x080034d8   0x00000014   Code   RO          511    i.Set_Encoder       motor.o
    0x080034ec   0x080034ec   0x00000004   Code   RO          238    i.SysTick_Handler   stm32f1xx_it.o
    0x080034f0   0x080034f0   0x00000076   Code   RO           19    i.SystemClock_Config  main.o
    0x08003566   0x08003566   0x00000002   Code   RO         4195    i.SystemInit        system_stm32f1xx.o
    0x08003568   0x08003568   0x0000000c   Code   RO          239    i.TIM2_IRQHandler   stm32f1xx_it.o
    0x08003574   0x08003574   0x0000000c   Code   RO          240    i.TIM3_IRQHandler   stm32f1xx_it.o
    0x08003580   0x08003580   0x0000000c   Code   RO          241    i.TIM4_IRQHandler   stm32f1xx_it.o
    0x0800358c   0x0800358c   0x0000006c   Code   RO         2542    i.TIM_Base_SetConfig  stm32f1xx_hal_tim.o
    0x080035f8   0x080035f8   0x0000001a   Code   RO         2543    i.TIM_CCxChannelCmd  stm32f1xx_hal_tim.o
    0x08003612   0x08003612   0x00000014   Code   RO         2553    i.TIM_ETR_SetConfig  stm32f1xx_hal_tim.o
    0x08003626   0x08003626   0x00000010   Code   RO         2554    i.TIM_ITRx_SetConfig  stm32f1xx_hal_tim.o
    0x08003636   0x08003636   0x00000002   PAD
    0x08003638   0x08003638   0x00000050   Code   RO         2555    i.TIM_OC1_SetConfig  stm32f1xx_hal_tim.o
    0x08003688   0x08003688   0x00000058   Code   RO         2556    i.TIM_OC2_SetConfig  stm32f1xx_hal_tim.o
    0x080036e0   0x080036e0   0x00000058   Code   RO         2557    i.TIM_OC3_SetConfig  stm32f1xx_hal_tim.o
    0x08003738   0x08003738   0x00000044   Code   RO         2558    i.TIM_OC4_SetConfig  stm32f1xx_hal_tim.o
    0x0800377c   0x0800377c   0x00000022   Code   RO         2560    i.TIM_TI1_ConfigInputStage  stm32f1xx_hal_tim.o
    0x0800379e   0x0800379e   0x00000024   Code   RO         2562    i.TIM_TI2_ConfigInputStage  stm32f1xx_hal_tim.o
    0x080037c2   0x080037c2   0x00000010   Code   RO         3458    i.UART_DMAAbortOnError  stm32f1xx_hal_uart.o
    0x080037d2   0x080037d2   0x0000001c   Code   RO         3468    i.UART_EndRxTransfer  stm32f1xx_hal_uart.o
    0x080037ee   0x080037ee   0x0000008c   Code   RO         3470    i.UART_Receive_IT   stm32f1xx_hal_uart.o
    0x0800387a   0x0800387a   0x00000002   PAD
    0x0800387c   0x0800387c   0x000000b8   Code   RO         3471    i.UART_SetConfig    stm32f1xx_hal_uart.o
    0x08003934   0x08003934   0x00000064   Code   RO         3472    i.UART_WaitOnFlagUntilTimeout  stm32f1xx_hal_uart.o
    0x08003998   0x08003998   0x0000000c   Code   RO          242    i.USART2_IRQHandler  stm32f1xx_it.o
    0x080039a4   0x080039a4   0x00000004   Code   RO         4017    i.USB_CoreInit      stm32f1xx_ll_usb.o
    0x080039a8   0x080039a8   0x00000004   Code   RO         4021    i.USB_DevDisconnect  stm32f1xx_ll_usb.o
    0x080039ac   0x080039ac   0x00000012   Code   RO         4022    i.USB_DevInit       stm32f1xx_ll_usb.o
    0x080039be   0x080039be   0x0000000e   Code   RO         4023    i.USB_DisableGlobalInt  stm32f1xx_ll_usb.o
    0x080039cc   0x080039cc   0x00000004   Code   RO         4037    i.USB_SetCurrentMode  stm32f1xx_ll_usb.o
    0x080039d0   0x080039d0   0x00000002   Code   RO          243    i.UsageFault_Handler  stm32f1xx_it.o
    0x080039d2   0x080039d2   0x00000002   PAD
    0x080039d4   0x080039d4   0x00000020   Code   RO         4293    i.__0printf$1       mc_w.l(printf1.o)
    0x080039f4   0x080039f4   0x00000020   Code   RO         1638    i.__NVIC_SetPriority  stm32f1xx_hal_cortex.o
    0x08003a14   0x08003a14   0x0000000e   Code   RO         4611    i.__scatterload_copy  mc_w.l(handlers.o)
    0x08003a22   0x08003a22   0x00000002   Code   RO         4612    i.__scatterload_null  mc_w.l(handlers.o)
    0x08003a24   0x08003a24   0x0000000e   Code   RO         4613    i.__scatterload_zeroinit  mc_w.l(handlers.o)
    0x08003a32   0x08003a32   0x00000002   PAD
    0x08003a34   0x08003a34   0x00000154   Code   RO         4300    i._printf_core      mc_w.l(printf1.o)
    0x08003b88   0x08003b88   0x00000018   Code   RO           20    i.fputc             main.o
    0x08003ba0   0x08003ba0   0x000001e0   Code   RO           21    i.main              main.o
    0x08003d80   0x08003d80   0x000000ec   Code   RO           22    i.pid_Left          main.o
    0x08003e6c   0x08003e6c   0x000000dc   Code   RO           23    i.pid_Right         main.o
    0x08003f48   0x08003f48   0x00000028   Code   RO          512    i.setAngle          motor.o
    0x08003f70   0x08003f70   0x00000010   Data   RO         4196    .constdata          system_stm32f1xx.o
    0x08003f80   0x08003f80   0x00000008   Data   RO         4197    .constdata          system_stm32f1xx.o
    0x08003f88   0x08003f88   0x00000020   Data   RO         4609    Region$$Table       anon$$obj.o


    Execution Region RW_IRAM1 (Exec base: 0x20000000, Load base: 0x08003fa8, Size: 0x000009f0, Max: 0x00005000, ABSOLUTE)

    Exec Addr    Load Addr    Size         Type   Attr      Idx    E Section Name        Object

    0x20000000   0x08003fa8   0x00000090   Data   RW           26    .data               main.o
    0x20000090   0x08004038   0x0000000c   Data   RW         1175    .data               stm32f1xx_hal.o
    0x2000009c   0x08004044   0x00000004   Data   RW         4198    .data               system_stm32f1xx.o
    0x200000a0   0x08004048   0x00000004   Data   RW         4578    .data               mc_w.l(stdout.o)
    0x200000a4        -       0x000002ec   Zero   RW           24    .bss                main.o
    0x20000390        -       0x000000a8   Zero   RW          445    .bss                i2c.o
    0x20000438        -       0x00000040   Zero   RW          477    .bss                usart.o
    0x20000478        -       0x00000058   Zero   RW          586    .bss                spi.o
    0x200004d0        -       0x00000120   Zero   RW          617    .bss                timer.o
    0x200005f0        -       0x00000400   Zero   RW            1    STACK               startup_stm32f103xb.o


==============================================================================

Image component sizes


      Code (inc. data)   RO Data    RW Data    ZI Data      Debug   Object Name

       188         14          0          0          0       1063   gpio.o
         0          0          0          0        168        270   i2c.o
      1142        124          0        144        748     460297   main.o
       172         42          0          0          0       4056   motor.o
         0          0          0          0         88        240   spi.o
        36          8        236          0       1024        828   startup_stm32f103xb.o
       128         24          0         12          0       5481   stm32f1xx_hal.o
       198         14          0          0          0      29091   stm32f1xx_hal_cortex.o
       312          4          0          0          0       3385   stm32f1xx_hal_dma.o
       500         34          0          0          0       3615   stm32f1xx_hal_gpio.o
      3226         38          0          0          0      21138   stm32f1xx_hal_i2c.o
       632         76          0          0          0       4598   stm32f1xx_hal_msp.o
       218          0          0          0          0       1548   stm32f1xx_hal_pcd.o
      1272        100          0          0          0       5348   stm32f1xx_hal_rcc.o
       236         12          0          0          0       1436   stm32f1xx_hal_rcc_ex.o
      1102         40          0          0          0      10559   stm32f1xx_hal_spi.o
      2268         70          0          0          0      18776   stm32f1xx_hal_tim.o
       192         12          0          0          0       3285   stm32f1xx_hal_tim_ex.o
      1178         10          0          0          0       9263   stm32f1xx_hal_uart.o
        92         36          0          0          0       6862   stm32f1xx_it.o
        44          0          0          0          0       3492   stm32f1xx_ll_usb.o
         2          0         24          4          0       1191   system_stm32f1xx.o
       628         30          0          0        288       2982   timer.o
        56          8          0          0         64        770   usart.o

    ----------------------------------------------------------------------
     13860        696        292        160       2380     599574   Object Totals
         0          0         32          0          0          0   (incl. Generated)
        38          0          0          0          0          0   (incl. Padding)

    ----------------------------------------------------------------------

      Code (inc. data)   RO Data    RW Data    ZI Data      Debug   Library Member Name

         0          0          0          0          0          0   entry.o
         0          0          0          0          0          0   entry10a.o
         0          0          0          0          0          0   entry11a.o
         8          4          0          0          0          0   entry2.o
         4          0          0          0          0          0   entry5.o
         0          0          0          0          0          0   entry7b.o
         0          0          0          0          0          0   entry8b.o
         8          4          0          0          0          0   entry9a.o
        30          0          0          0          0          0   handlers.o
        36          8          0          0          0         68   init.o
         0          0          0          0          0          0   iusefp.o
        30          0          0          0          0         68   llshl.o
        36          0          0          0          0         68   llsshr.o
        32          0          0          0          0         68   llushr.o
        36          0          0          0          0         68   memcpya.o
        36          0          0          0          0        108   memseta.o
       372         14          0          0          0        184   printf1.o
         0          0          0          4          0          0   stdout.o
        44          0          0          0          0         80   uidiv.o
        48          0          0          0          0         68   cdcmple.o
        48          0          0          0          0         68   cdrcmple.o
        56          0          0          0          0         88   d2f.o
       334          0          0          0          0        148   dadd.o
       222          0          0          0          0        100   ddiv.o
       186          0          0          0          0        176   depilogue.o
        62          0          0          0          0         80   dfixi.o
        34          0          0          0          0         76   dflti.o
       228          0          0          0          0         96   dmul.o
        38          0          0          0          0         68   f2d.o
       110          0          0          0          0        168   fepilogue.o
       100          0          0          0          0         76   fmul.o

    ----------------------------------------------------------------------
      2144         30          0          4          0       1924   Library Totals
         6          0          0          0          0          0   (incl. Padding)

    ----------------------------------------------------------------------

      Code (inc. data)   RO Data    RW Data    ZI Data      Debug   Library Name

       672         30          0          4          0        712   mc_w.l
      1466          0          0          0          0       1212   mf_w.l

    ----------------------------------------------------------------------
      2144         30          0          4          0       1924   Library Totals

    ----------------------------------------------------------------------

==============================================================================


      Code (inc. data)   RO Data    RW Data    ZI Data      Debug   

     16004        726        292        164       2380     593174   Grand Totals
     16004        726        292        164       2380     593174   ELF Image Totals
     16004        726        292        164          0          0   ROM Totals

==============================================================================

    Total RO  Size (Code + RO Data)                16296 (  15.91kB)
    Total RW  Size (RW Data + ZI Data)              2544 (   2.48kB)
    Total ROM Size (Code + RO Data + RW Data)      16460 (  16.07kB)

==============================================================================

